<html>
<body>
<pre>
<h1>µVision Build Log</h1>
<h2>Tool Versions:</h2>
IDE-Version: µVision V5.35.0.0
Copyright (C) 2021 ARM Ltd and ARM Germany GmbH. All rights reserved.
License Information: DSA LABORATOIRE, UQAC, LIC=----
 
Tool Versions:
Toolchain:       MDK-Lite  Version: 5.35.0.2
Toolchain Path:  C:\keil_v5\ARM\ARMCLANG\Bin
C Compiler:      ArmClang.exe V6.16
Assembler:       Armasm.exe V6.16
Linker/Locator:  ArmLink.exe V6.16
Library Manager: ArmAr.exe V6.16
Hex Converter:   FromElf.exe V6.16
CPU DLL:         SARMCM3.DLL V5.35.0.2
Dialog DLL:      DARMCM1.DLL V1.19.4.0
Target DLL:      STLink\ST-LINKIII-KEIL_SWO.dll V3.0.9.0
Dialog DLL:      TARMCM1.DLL V1.14.4.0
 
<h2>Project:</h2>
C:\Users\kmarty\Documents\projet\quickstart.uvprojx
Project File Date:  11/22/2024

<h2>Output:</h2>
*** Using Compiler 'V6.16', folder: 'C:\keil_v5\ARM\ARMCLANG\Bin'
Rebuild target 'Target 1'
assembling startup_stm32f091xc.s...
compiling system_stm32f0xx.c...
compiling main.c...
compiling init_Comm.c...
compiling screen.c...
compiling utilities.c...
linking...
Program Size: Code=7120 RO-data=348 RW-data=20 ZI-data=1640  
".\Objects\quickstart.axf" - 0 Error(s), 0 Warning(s).

<h2>Software Packages used:</h2>

Package Vendor: ARM
                http://www.keil.com/pack/ARM.CMSIS.5.8.0.pack
                ARM.CMSIS.5.8.0
                CMSIS (Common Microcontroller Software Interface Standard)
   * Component: CORE Version: 5.5.0

Package Vendor: Keil
                https://www.keil.com/pack/Keil.STM32F0xx_DFP.2.1.1.pack
                Keil.STM32F0xx_DFP.2.1.1
                STMicroelectronics STM32F0 Series Device Support, Drivers and Examples
   * Component: Startup Version: 1.0.0

<h2>Collection of Component include folders:</h2>
  .\RTE\_Target_1
  C:\keil_v5\ARM\PACK\ARM\CMSIS\5.8.0\CMSIS\Core\Include
  C:\keil_v5\ARM\PACK\Keil\STM32F0xx_DFP\2.1.1\Drivers\CMSIS\Device\ST\STM32F0xx\Include

<h2>Collection of Component Files used:</h2>

   * Component: ARM::CMSIS:CORE:5.5.0

   * Component: Keil.Standalone::Device:Startup:1.0.0
      Source file:   MDK\Device\Source\ARM\STM32F0xx_OPT.s
      Include file:  Drivers\CMSIS\Device\ST\STM32F0xx\Include\stm32f0xx.h
      Source file:   Drivers\CMSIS\Device\ST\STM32F0xx\Source\Templates\arm\startup_stm32f091xc.s
      Source file:   Drivers\CMSIS\Device\ST\STM32F0xx\Source\Templates\system_stm32f0xx.c
Build Time Elapsed:  00:00:00
</pre>
</body>
</html>
