Component: ARM Compiler 6.16 Tool: armlink [5dfeaa00]

==============================================================================

Section Cross References

    init_comm.o(.ARM.exidx.text.init_Comm) refers to init_comm.o(.text.init_Comm) for [Anonymous Symbol]
    init_comm.o(.ARM.exidx.text.USART2_write) refers to init_comm.o(.text.USART2_write) for [Anonymous Symbol]
    init_comm.o(.ARM.exidx.text.USART2_read) refers to init_comm.o(.text.USART2_read) for [Anonymous Symbol]
    init_comm.o(.text.fgetc) refers to init_comm.o(.text.USART2_read) for USART2_read
    init_comm.o(.text.fgetc) refers to init_comm.o(.text.USART2_write) for USART2_write
    init_comm.o(.ARM.exidx.text.fgetc) refers to init_comm.o(.text.fgetc) for [Anonymous Symbol]
    init_comm.o(.text.fputc) refers to init_comm.o(.text.USART2_write) for USART2_write
    init_comm.o(.ARM.exidx.text.fputc) refers to init_comm.o(.text.fputc) for [Anonymous Symbol]
    main.o(.text.main) refers to utilities.o(.text.configClocks) for configClocks
    main.o(.text.main) refers to utilities.o(.text.configRunningButton) for configRunningButton
    main.o(.text.main) refers to utilities.o(.text.configEngine) for configEngine
    main.o(.text.main) refers to utilities.o(.text.configADC) for configADC
    main.o(.text.main) refers to utilities.o(.text.configSensor) for configSensor
    main.o(.text.main) refers to utilities.o(.text.configPotentiometres) for configPotentiometres
    main.o(.text.main) refers to screen.o(.text.SPI1_init) for SPI1_init
    main.o(.text.main) refers to utilities.o(.text.delay_ms) for delay_ms
    main.o(.text.main) refers to screen.o(.text.LCD_init) for LCD_init
    main.o(.text.main) refers to utilities.o(.text.getSensorValue) for getSensorValue
    main.o(.text.main) refers to utilities.o(.text.sensorToDistance) for sensorToDistance
    main.o(.text.main) refers to utilities.o(.text.PID) for PID
    main.o(.text.main) refers to utilities.o(.text.getPotentiometreValue) for getPotentiometreValue
    main.o(.text.main) refers to screen.o(.text.LCD_update) for LCD_update
    main.o(.text.main) refers to utilities.o(.data.Kd) for Kd
    main.o(.text.main) refers to utilities.o(.data.Ki) for Ki
    main.o(.text.main) refers to utilities.o(.data.Kp) for Kp
    main.o(.text.main) refers to utilities.o(.data.center) for center
    main.o(.text.main) refers to utilities.o(.data.running) for running
    main.o(.ARM.exidx.text.main) refers to main.o(.text.main) for [Anonymous Symbol]
    utilities.o(.ARM.exidx.text.delay_ms) refers to utilities.o(.text.delay_ms) for [Anonymous Symbol]
    utilities.o(.ARM.exidx.text.configClocks) refers to utilities.o(.text.configClocks) for [Anonymous Symbol]
    utilities.o(.ARM.exidx.text.configRunningButton) refers to utilities.o(.text.configRunningButton) for [Anonymous Symbol]
    utilities.o(.ARM.exidx.text.configEngine) refers to utilities.o(.text.configEngine) for [Anonymous Symbol]
    utilities.o(.ARM.exidx.text.configADC) refers to utilities.o(.text.configADC) for [Anonymous Symbol]
    utilities.o(.ARM.exidx.text.configSensor) refers to utilities.o(.text.configSensor) for [Anonymous Symbol]
    utilities.o(.ARM.exidx.text.configPotentiometres) refers to utilities.o(.text.configPotentiometres) for [Anonymous Symbol]
    utilities.o(.text.sensorToDistance) refers to dflti.o(.text) for __aeabi_ui2d
    utilities.o(.text.sensorToDistance) refers to dmul.o(.text) for __aeabi_dmul
    utilities.o(.text.sensorToDistance) refers to daddsub.o(.text) for __aeabi_dadd
    utilities.o(.text.sensorToDistance) refers to ddiv.o(.text) for __aeabi_ddiv
    utilities.o(.text.sensorToDistance) refers to d2f.o(.text) for __aeabi_d2f
    utilities.o(.text.sensorToDistance) refers to fcmp.o(i._fls) for __aeabi_fcmplt
    utilities.o(.text.sensorToDistance) refers to fcmp.o(i._fgr) for __aeabi_fcmpgt
    utilities.o(.ARM.exidx.text.sensorToDistance) refers to utilities.o(.text.sensorToDistance) for [Anonymous Symbol]
    utilities.o(.ARM.exidx.text.getSensorValue) refers to utilities.o(.text.getSensorValue) for [Anonymous Symbol]
    utilities.o(.text.getPotentiometreValue) refers to fflti.o(.text) for __aeabi_ui2f
    utilities.o(.text.getPotentiometreValue) refers to fmul.o(x$fpl$fmul) for __aeabi_fmul
    utilities.o(.ARM.exidx.text.getPotentiometreValue) refers to utilities.o(.text.getPotentiometreValue) for [Anonymous Symbol]
    utilities.o(.text.PID) refers to faddsub.o(x$fpl$fsub) for __aeabi_fsub
    utilities.o(.text.PID) refers to faddsub.o(x$fpl$fadd) for __aeabi_fadd
    utilities.o(.text.PID) refers to fmul.o(x$fpl$fmul) for __aeabi_fmul
    utilities.o(.text.PID) refers to ffixi.o(.text) for __aeabi_f2iz
    utilities.o(.text.PID) refers to utilities.o(.data.center) for center
    utilities.o(.text.PID) refers to utilities.o(.bss.PID.lastE) for [Anonymous Symbol]
    utilities.o(.text.PID) refers to utilities.o(.bss.PID.E) for [Anonymous Symbol]
    utilities.o(.text.PID) refers to utilities.o(.data.Kp) for Kp
    utilities.o(.text.PID) refers to utilities.o(.data.Ki) for Ki
    utilities.o(.text.PID) refers to utilities.o(.data.Kd) for Kd
    utilities.o(.ARM.exidx.text.PID) refers to utilities.o(.text.PID) for [Anonymous Symbol]
    utilities.o(.text.floatToString) refers to fcmp.o(i._fls) for __aeabi_fcmplt
    utilities.o(.text.floatToString) refers to fmul.o(x$fpl$fmul) for __aeabi_fmul
    utilities.o(.text.floatToString) refers to ffixi.o(.text) for __aeabi_f2iz
    utilities.o(.text.floatToString) refers to aeabi_sdivfast.o(.text) for __aeabi_idivmod
    utilities.o(.text.floatToString) refers to aeabi_sdivfast.o(.text_divfast) for __aeabi_idiv
    utilities.o(.text.floatToString) refers to fcmp.o(i._fgeq) for __aeabi_fcmpge
    utilities.o(.ARM.exidx.text.floatToString) refers to utilities.o(.text.floatToString) for [Anonymous Symbol]
    screen.o(.text.LCD_printFloat) refers to utilities.o(.text.floatToString) for floatToString
    screen.o(.text.LCD_printFloat) refers to screen.o(.text.LCD_write_data) for LCD_write_data
    screen.o(.ARM.exidx.text.LCD_printFloat) refers to screen.o(.text.LCD_printFloat) for [Anonymous Symbol]
    screen.o(.text.LCD_write_data) refers to screen.o(.text.SPI1_write) for SPI1_write
    screen.o(.ARM.exidx.text.LCD_write_data) refers to screen.o(.text.LCD_write_data) for [Anonymous Symbol]
    screen.o(.text.LCD_init) refers to screen.o(.text.LCD_clear) for LCD_clear
    screen.o(.text.LCD_init) refers to utilities.o(.text.delay_ms) for delay_ms
    screen.o(.text.LCD_init) refers to screen.o(.text.LCD_write_command) for LCD_write_command
    screen.o(.text.LCD_init) refers to screen.o(.text.LCD_write_data) for LCD_write_data
    screen.o(.text.LCD_init) refers to screen.o(.text.LCD_printFloat) for LCD_printFloat
    screen.o(.ARM.exidx.text.LCD_init) refers to screen.o(.text.LCD_init) for [Anonymous Symbol]
    screen.o(.text.LCD_clear) refers to screen.o(.text.LCD_write_command) for LCD_write_command
    screen.o(.ARM.exidx.text.LCD_clear) refers to screen.o(.text.LCD_clear) for [Anonymous Symbol]
    screen.o(.text.LCD_write_command) refers to screen.o(.text.SPI1_write) for SPI1_write
    screen.o(.ARM.exidx.text.LCD_write_command) refers to screen.o(.text.LCD_write_command) for [Anonymous Symbol]
    screen.o(.text.LCD_update) refers to screen.o(.text.LCD_write_command) for LCD_write_command
    screen.o(.text.LCD_update) refers to screen.o(.text.LCD_printFloat) for LCD_printFloat
    screen.o(.ARM.exidx.text.LCD_update) refers to screen.o(.text.LCD_update) for [Anonymous Symbol]
    screen.o(.text.SPI1_init) refers to screen.o(.text.LCD_set_contrast) for LCD_set_contrast
    screen.o(.ARM.exidx.text.SPI1_init) refers to screen.o(.text.SPI1_init) for [Anonymous Symbol]
    screen.o(.text.LCD_set_contrast) refers to screen.o(.text.SPI1_write) for SPI1_write
    screen.o(.ARM.exidx.text.LCD_set_contrast) refers to screen.o(.text.LCD_set_contrast) for [Anonymous Symbol]
    screen.o(.text.SPI1_write) refers to utilities.o(.text.delay_ms) for delay_ms
    screen.o(.ARM.exidx.text.SPI1_write) refers to screen.o(.text.SPI1_write) for [Anonymous Symbol]
    screen.o(.text.SPI1_write_string) refers to screen.o(.text.SPI1_write) for SPI1_write
    screen.o(.ARM.exidx.text.SPI1_write_string) refers to screen.o(.text.SPI1_write_string) for [Anonymous Symbol]
    startup_stm32f091xc.o(STACK) refers (Special) to heapauxi.o(.text) for __use_two_region_memory
    startup_stm32f091xc.o(HEAP) refers (Special) to heapauxi.o(.text) for __use_two_region_memory
    startup_stm32f091xc.o(RESET) refers (Special) to heapauxi.o(.text) for __use_two_region_memory
    startup_stm32f091xc.o(RESET) refers to startup_stm32f091xc.o(STACK) for __initial_sp
    startup_stm32f091xc.o(RESET) refers to startup_stm32f091xc.o(.text) for Reset_Handler
    startup_stm32f091xc.o(.text) refers (Special) to heapauxi.o(.text) for __use_two_region_memory
    startup_stm32f091xc.o(.text) refers to system_stm32f0xx.o(.text.SystemInit) for SystemInit
    startup_stm32f091xc.o(.text) refers to __main.o(!!!main) for __main
    startup_stm32f091xc.o(.text) refers to startup_stm32f091xc.o(HEAP) for Heap_Mem
    startup_stm32f091xc.o(.text) refers to startup_stm32f091xc.o(STACK) for Stack_Mem
    system_stm32f0xx.o(.ARM.exidx.text.SystemInit) refers to system_stm32f0xx.o(.text.SystemInit) for [Anonymous Symbol]
    system_stm32f0xx.o(.text.SystemCoreClockUpdate) refers to aeabi_sdivfast.o(.text_divfast) for __aeabi_uidiv
    system_stm32f0xx.o(.text.SystemCoreClockUpdate) refers to system_stm32f0xx.o(.data.SystemCoreClock) for SystemCoreClock
    system_stm32f0xx.o(.text.SystemCoreClockUpdate) refers to system_stm32f0xx.o(.rodata.AHBPrescTable) for AHBPrescTable
    system_stm32f0xx.o(.ARM.exidx.text.SystemCoreClockUpdate) refers to system_stm32f0xx.o(.text.SystemCoreClockUpdate) for [Anonymous Symbol]
    __main.o(!!!main) refers to __rtentry.o(.ARM.Collect$$rtentry$$00000000) for __rt_entry
    d2f.o(.text) refers (Special) to usenofp.o(x$fpl$usenofp) for __I$use$fp
    daddsub.o(.text) refers (Special) to usenofp.o(x$fpl$usenofp) for __I$use$fp
    ddiv.o(.text) refers (Special) to usenofp.o(x$fpl$usenofp) for __I$use$fp
    ddiv.o(.text) refers to ddiv.o(.constdata) for .constdata
    ddiv.o(.constdata) refers (Special) to usenofp.o(x$fpl$usenofp) for __I$use$fp
    dflti.o(.text) refers (Special) to usenofp.o(x$fpl$usenofp) for __I$use$fp
    dmul.o(.text) refers (Special) to usenofp.o(x$fpl$usenofp) for __I$use$fp
    faddsub.o(x$fpl$fadd) refers (Special) to usenofp.o(x$fpl$usenofp) for __I$use$fp
    faddsub.o(x$fpl$fadd) refers to faddsub.o(x$fpl$fsub) for _fsub1
    faddsub.o(x$fpl$frsb) refers (Special) to usenofp.o(x$fpl$usenofp) for __I$use$fp
    faddsub.o(x$fpl$frsb) refers to faddsub.o(x$fpl$fsub) for _fsub1
    faddsub.o(x$fpl$frsb) refers to faddsub.o(x$fpl$fadd) for _fadd1
    faddsub.o(x$fpl$fsub) refers (Special) to usenofp.o(x$fpl$usenofp) for __I$use$fp
    faddsub.o(x$fpl$fsub) refers to faddsub.o(x$fpl$fadd) for _fadd1
    fcmp.o(i._feq) refers (Special) to usenofp.o(x$fpl$usenofp) for __I$use$fp
    fcmp.o(i._feq) refers to feqf.o(x$fpl$feqf) for _fcmpeq
    fcmp.o(i._fgeq) refers (Special) to usenofp.o(x$fpl$usenofp) for __I$use$fp
    fcmp.o(i._fgeq) refers to fgef.o(x$fpl$fgeqf) for _fcmpge
    fcmp.o(i._fgr) refers (Special) to usenofp.o(x$fpl$usenofp) for __I$use$fp
    fcmp.o(i._fgr) refers to fgef.o(x$fpl$fgeqf) for _fcmpge
    fcmp.o(i._fleq) refers (Special) to usenofp.o(x$fpl$usenofp) for __I$use$fp
    fcmp.o(i._fleq) refers to flef.o(x$fpl$fleqf) for _fcmple
    fcmp.o(i._fls) refers (Special) to usenofp.o(x$fpl$usenofp) for __I$use$fp
    fcmp.o(i._fls) refers to flef.o(x$fpl$fleqf) for _fcmple
    fcmp.o(i._fneq) refers (Special) to usenofp.o(x$fpl$usenofp) for __I$use$fp
    fcmp.o(i._fneq) refers to feqf.o(x$fpl$feqf) for _fcmpeq
    ffixi.o(.text) refers (Special) to usenofp.o(x$fpl$usenofp) for __I$use$fp
    fflti.o(.text) refers (Special) to usenofp.o(x$fpl$usenofp) for __I$use$fp
    fmul.o(x$fpl$fmul) refers (Special) to usenofp.o(x$fpl$usenofp) for __I$use$fp
    __rtentry.o(.ARM.Collect$$rtentry$$00000000) refers (Special) to __rtentry2.o(.ARM.Collect$$rtentry$$0000000A) for __rt_entry_li
    __rtentry.o(.ARM.Collect$$rtentry$$00000000) refers (Special) to __rtentry2.o(.ARM.Collect$$rtentry$$0000000D) for __rt_entry_main
    __rtentry.o(.ARM.Collect$$rtentry$$00000000) refers (Special) to __rtentry2.o(.ARM.Collect$$rtentry$$0000000C) for __rt_entry_postli_1
    __rtentry.o(.ARM.Collect$$rtentry$$00000000) refers (Special) to __rtentry2.o(.ARM.Collect$$rtentry$$00000009) for __rt_entry_postsh_1
    __rtentry.o(.ARM.Collect$$rtentry$$00000000) refers (Special) to __rtentry2.o(.ARM.Collect$$rtentry$$00000002) for __rt_entry_presh_1
    __rtentry.o(.ARM.Collect$$rtentry$$00000000) refers (Special) to __rtentry4.o(.ARM.Collect$$rtentry$$00000004) for __rt_entry_sh
    aeabi_idiv0_sigfpe.o(.text) refers to rt_div0.o(.text) for __rt_div0
    feqf.o(x$fpl$feqf) refers (Special) to usenofp.o(x$fpl$usenofp) for __I$use$fp
    feqf.o(x$fpl$feqf) refers to fcmpin.o(.text) for __fpl_fcmp_InfNaN
    fgef.o(x$fpl$fgeqf) refers (Special) to usenofp.o(x$fpl$usenofp) for __I$use$fp
    fgef.o(x$fpl$fgeqf) refers to fcmpin.o(.text) for __fpl_fcmp_InfNaN
    flef.o(x$fpl$fleqf) refers (Special) to usenofp.o(x$fpl$usenofp) for __I$use$fp
    flef.o(x$fpl$fleqf) refers to fcmpin.o(.text) for __fpl_fcmp_InfNaN
    __rtentry2.o(.ARM.Collect$$rtentry$$00000008) refers to boardinit2.o(.text) for _platform_post_stackheap_init
    __rtentry2.o(.ARM.Collect$$rtentry$$0000000A) refers to libinit.o(.ARM.Collect$$libinit$$00000000) for __rt_lib_init
    __rtentry2.o(.ARM.Collect$$rtentry$$0000000B) refers to boardinit3.o(.text) for _platform_post_lib_init
    __rtentry2.o(.ARM.Collect$$rtentry$$0000000D) refers to main.o(.text.main) for main
    __rtentry2.o(.ARM.Collect$$rtentry$$0000000D) refers to exit.o(.text) for exit
    __rtentry2.o(.ARM.exidx) refers to __rtentry2.o(.ARM.Collect$$rtentry$$00000001) for .ARM.Collect$$rtentry$$00000001
    __rtentry2.o(.ARM.exidx) refers to __rtentry2.o(.ARM.Collect$$rtentry$$00000008) for .ARM.Collect$$rtentry$$00000008
    __rtentry2.o(.ARM.exidx) refers to __rtentry2.o(.ARM.Collect$$rtentry$$0000000A) for .ARM.Collect$$rtentry$$0000000A
    __rtentry2.o(.ARM.exidx) refers to __rtentry2.o(.ARM.Collect$$rtentry$$0000000B) for .ARM.Collect$$rtentry$$0000000B
    __rtentry2.o(.ARM.exidx) refers to __rtentry2.o(.ARM.Collect$$rtentry$$0000000D) for .ARM.Collect$$rtentry$$0000000D
    __rtentry4.o(.ARM.Collect$$rtentry$$00000004) refers to sys_stackheap_outer.o(.text) for __user_setup_stackheap
    __rtentry4.o(.ARM.exidx) refers to __rtentry4.o(.ARM.Collect$$rtentry$$00000004) for .ARM.Collect$$rtentry$$00000004
    rt_div0.o(.text) refers to defsig_fpe_outer.o(.text) for __rt_SIGFPE
    fcmpin.o(.text) refers (Special) to usenofp.o(x$fpl$usenofp) for __I$use$fp
    fcmpin.o(.text) refers to cmpret.o(.text) for __fpl_cmpreturn
    fcmpin.o(.text) refers to fnan2.o(.text) for __fpl_fcheck_NaN2
    sys_stackheap_outer.o(.text) refers to libspace.o(.text) for __user_perproc_libspace
    sys_stackheap_outer.o(.text) refers to startup_stm32f091xc.o(.text) for __user_initial_stackheap
    sys_stackheap_outer.o(__vectab_stack_and_reset_area) refers to tempstk.o(.text) for __temporary_stack_top
    sys_stackheap_outer.o(__vectab_stack_and_reset_area) refers to __main.o(!!!main) for __main
    exit.o(.text) refers to rtexit.o(.ARM.Collect$$rtexit$$00000000) for __rt_exit
    defsig_fpe_outer.o(.text) refers to defsig_fpe_inner.o(.text) for __rt_SIGFPE_inner
    defsig_fpe_outer.o(.text) refers to defsig_exit.o(.text) for __sig_exit
    defsig_fpe_formal.o(.text) refers to rt_raise.o(.text) for __rt_raise
    libinit.o(.ARM.Collect$$libinit$$00000000) refers (Special) to libinit2.o(.ARM.Collect$$libinit$$0000002E) for __rt_lib_init_alloca_1
    libinit.o(.ARM.Collect$$libinit$$00000000) refers (Special) to libinit2.o(.ARM.Collect$$libinit$$0000002C) for __rt_lib_init_argv_1
    libinit.o(.ARM.Collect$$libinit$$00000000) refers (Special) to libinit2.o(.ARM.Collect$$libinit$$0000001B) for __rt_lib_init_atexit_1
    libinit.o(.ARM.Collect$$libinit$$00000000) refers (Special) to libinit2.o(.ARM.Collect$$libinit$$00000021) for __rt_lib_init_clock_1
    libinit.o(.ARM.Collect$$libinit$$00000000) refers (Special) to libinit2.o(.ARM.Collect$$libinit$$00000032) for __rt_lib_init_cpp_1
    libinit.o(.ARM.Collect$$libinit$$00000000) refers (Special) to libinit2.o(.ARM.Collect$$libinit$$00000030) for __rt_lib_init_exceptions_1
    libinit.o(.ARM.Collect$$libinit$$00000000) refers (Special) to libinit2.o(.ARM.Collect$$libinit$$00000002) for __rt_lib_init_fp_1
    libinit.o(.ARM.Collect$$libinit$$00000000) refers (Special) to libinit2.o(.ARM.Collect$$libinit$$0000001F) for __rt_lib_init_fp_trap_1
    libinit.o(.ARM.Collect$$libinit$$00000000) refers (Special) to libinit2.o(.ARM.Collect$$libinit$$00000023) for __rt_lib_init_getenv_1
    libinit.o(.ARM.Collect$$libinit$$00000000) refers (Special) to libinit2.o(.ARM.Collect$$libinit$$0000000A) for __rt_lib_init_heap_1
    libinit.o(.ARM.Collect$$libinit$$00000000) refers (Special) to libinit2.o(.ARM.Collect$$libinit$$00000011) for __rt_lib_init_lc_collate_1
    libinit.o(.ARM.Collect$$libinit$$00000000) refers (Special) to libinit2.o(.ARM.Collect$$libinit$$00000013) for __rt_lib_init_lc_ctype_1
    libinit.o(.ARM.Collect$$libinit$$00000000) refers (Special) to libinit2.o(.ARM.Collect$$libinit$$00000015) for __rt_lib_init_lc_monetary_1
    libinit.o(.ARM.Collect$$libinit$$00000000) refers (Special) to libinit2.o(.ARM.Collect$$libinit$$00000017) for __rt_lib_init_lc_numeric_1
    libinit.o(.ARM.Collect$$libinit$$00000000) refers (Special) to libinit2.o(.ARM.Collect$$libinit$$00000019) for __rt_lib_init_lc_time_1
    libinit.o(.ARM.Collect$$libinit$$00000000) refers (Special) to libinit2.o(.ARM.Collect$$libinit$$00000004) for __rt_lib_init_preinit_1
    libinit.o(.ARM.Collect$$libinit$$00000000) refers (Special) to libinit2.o(.ARM.Collect$$libinit$$0000000E) for __rt_lib_init_rand_1
    libinit.o(.ARM.Collect$$libinit$$00000000) refers (Special) to libinit2.o(.ARM.Collect$$libinit$$00000033) for __rt_lib_init_return
    libinit.o(.ARM.Collect$$libinit$$00000000) refers (Special) to libinit2.o(.ARM.Collect$$libinit$$0000001D) for __rt_lib_init_signal_1
    libinit.o(.ARM.Collect$$libinit$$00000000) refers (Special) to libinit2.o(.ARM.Collect$$libinit$$00000025) for __rt_lib_init_stdio_1
    libinit.o(.ARM.Collect$$libinit$$00000000) refers (Special) to libinit2.o(.ARM.Collect$$libinit$$0000000C) for __rt_lib_init_user_alloc_1
    cmpret.o(.text) refers (Special) to usenofp.o(x$fpl$usenofp) for __I$use$fp
    fnan2.o(.text) refers (Special) to usenofp.o(x$fpl$usenofp) for __I$use$fp
    fnan2.o(.text) refers to retnan.o(.text) for __fpl_return_NaN
    libspace.o(.text) refers to libspace.o(.bss) for __libspace_start
    rtexit.o(.ARM.Collect$$rtexit$$00000000) refers (Special) to rtexit2.o(.ARM.Collect$$rtexit$$00000004) for __rt_exit_exit
    rtexit.o(.ARM.Collect$$rtexit$$00000000) refers (Special) to rtexit2.o(.ARM.Collect$$rtexit$$00000003) for __rt_exit_ls
    rtexit.o(.ARM.Collect$$rtexit$$00000000) refers (Special) to rtexit2.o(.ARM.Collect$$rtexit$$00000002) for __rt_exit_prels_1
    rtexit.o(.ARM.exidx) refers (Special) to rtexit2.o(.ARM.Collect$$rtexit$$00000004) for __rt_exit_exit
    rtexit.o(.ARM.exidx) refers (Special) to rtexit2.o(.ARM.Collect$$rtexit$$00000003) for __rt_exit_ls
    rtexit.o(.ARM.exidx) refers (Special) to rtexit2.o(.ARM.Collect$$rtexit$$00000002) for __rt_exit_prels_1
    rtexit.o(.ARM.exidx) refers to rtexit.o(.ARM.Collect$$rtexit$$00000000) for .ARM.Collect$$rtexit$$00000000
    rt_raise.o(.text) refers to __raise.o(.text) for __raise
    rt_raise.o(.text) refers to sys_exit.o(.text) for _sys_exit
    defsig_exit.o(.text) refers to sys_exit.o(.text) for _sys_exit
    defsig_fpe_inner.o(.text) refers to defsig_general.o(.text) for __default_signal_display
    libinit2.o(.ARM.Collect$$libinit$$00000010) refers to libinit2.o(.ARM.Collect$$libinit$$0000000F) for .ARM.Collect$$libinit$$0000000F
    libinit2.o(.ARM.Collect$$libinit$$00000012) refers to libinit2.o(.ARM.Collect$$libinit$$0000000F) for .ARM.Collect$$libinit$$0000000F
    libinit2.o(.ARM.Collect$$libinit$$00000014) refers to libinit2.o(.ARM.Collect$$libinit$$0000000F) for .ARM.Collect$$libinit$$0000000F
    libinit2.o(.ARM.Collect$$libinit$$00000016) refers to libinit2.o(.ARM.Collect$$libinit$$0000000F) for .ARM.Collect$$libinit$$0000000F
    libinit2.o(.ARM.Collect$$libinit$$00000018) refers to libinit2.o(.ARM.Collect$$libinit$$0000000F) for .ARM.Collect$$libinit$$0000000F
    libinit2.o(.ARM.Collect$$libinit$$00000026) refers to argv_veneer.o(.text) for __ARM_argv_veneer
    libinit2.o(.ARM.Collect$$libinit$$00000027) refers to argv_veneer.o(.text) for __ARM_argv_veneer
    retnan.o(.text) refers (Special) to usenofp.o(x$fpl$usenofp) for __I$use$fp
    retnan.o(.text) refers to cmpret.o(.text) for __fpl_cmpreturn
    sys_exit.o(.text) refers (Special) to use_no_semi.o(.text) for __I$use$semihosting
    sys_exit.o(.text) refers (Special) to indicate_semi.o(.text) for __semihosting_library_function
    sys_exit_hlt.o(.text) refers (Special) to use_no_semi.o(.text) for __I$use$semihosting
    sys_exit_hlt.o(.text) refers (Special) to indicate_semi.o(.text) for __semihosting_library_function
    rtexit2.o(.ARM.Collect$$rtexit$$00000003) refers to libshutdown.o(.ARM.Collect$$libshutdown$$00000000) for __rt_lib_shutdown
    rtexit2.o(.ARM.Collect$$rtexit$$00000004) refers to sys_exit.o(.text) for _sys_exit
    rtexit2.o(.ARM.exidx) refers to rtexit2.o(.ARM.Collect$$rtexit$$00000001) for .ARM.Collect$$rtexit$$00000001
    rtexit2.o(.ARM.exidx) refers to rtexit2.o(.ARM.Collect$$rtexit$$00000003) for .ARM.Collect$$rtexit$$00000003
    rtexit2.o(.ARM.exidx) refers to rtexit2.o(.ARM.Collect$$rtexit$$00000004) for .ARM.Collect$$rtexit$$00000004
    __raise.o(.text) refers to defsig.o(CL$$defsig) for __default_signal_handler
    defsig_general.o(.text) refers to sys_wrch.o(.text) for _ttywrch
    sys_wrch.o(.text) refers (Special) to use_no_semi.o(.text) for __I$use$semihosting
    sys_wrch.o(.text) refers (Special) to indicate_semi.o(.text) for __semihosting_library_function
    sys_wrch_hlt.o(.text) refers (Special) to use_no_semi.o(.text) for __I$use$semihosting
    sys_wrch_hlt.o(.text) refers (Special) to indicate_semi.o(.text) for __semihosting_library_function
    defsig.o(CL$$defsig) refers to defsig_fpe_inner.o(.text) for __rt_SIGFPE_inner
    defsig.o(CL$$defsig) refers to defsig_rtmem_inner.o(.text) for __rt_SIGRTMEM_inner
    _get_argv_nomalloc.o(.text) refers (Special) to hrguard.o(.text) for __heap_region$guard
    _get_argv_nomalloc.o(.text) refers to defsig_rtmem_outer.o(.text) for __rt_SIGRTMEM
    _get_argv_nomalloc.o(.text) refers to sys_command.o(.text) for _sys_command_string
    libshutdown.o(.ARM.Collect$$libshutdown$$00000000) refers (Special) to libshutdown2.o(.ARM.Collect$$libshutdown$$00000002) for __rt_lib_shutdown_cpp_1
    libshutdown.o(.ARM.Collect$$libshutdown$$00000000) refers (Special) to libshutdown2.o(.ARM.Collect$$libshutdown$$00000007) for __rt_lib_shutdown_fp_trap_1
    libshutdown.o(.ARM.Collect$$libshutdown$$00000000) refers (Special) to libshutdown2.o(.ARM.Collect$$libshutdown$$0000000F) for __rt_lib_shutdown_heap_1
    libshutdown.o(.ARM.Collect$$libshutdown$$00000000) refers (Special) to libshutdown2.o(.ARM.Collect$$libshutdown$$00000010) for __rt_lib_shutdown_return
    libshutdown.o(.ARM.Collect$$libshutdown$$00000000) refers (Special) to libshutdown2.o(.ARM.Collect$$libshutdown$$0000000A) for __rt_lib_shutdown_signal_1
    libshutdown.o(.ARM.Collect$$libshutdown$$00000000) refers (Special) to libshutdown2.o(.ARM.Collect$$libshutdown$$00000004) for __rt_lib_shutdown_stdio_1
    libshutdown.o(.ARM.Collect$$libshutdown$$00000000) refers (Special) to libshutdown2.o(.ARM.Collect$$libshutdown$$0000000C) for __rt_lib_shutdown_user_alloc_1
    sys_command.o(.text) refers (Special) to use_no_semi.o(.text) for __I$use$semihosting
    sys_command.o(.text) refers (Special) to indicate_semi.o(.text) for __semihosting_library_function
    sys_command_hlt.o(.text) refers (Special) to use_no_semi.o(.text) for __I$use$semihosting
    sys_command_hlt.o(.text) refers (Special) to indicate_semi.o(.text) for __semihosting_library_function
    defsig_abrt_inner.o(.text) refers to defsig_general.o(.text) for __default_signal_display
    defsig_rtred_inner.o(.text) refers to defsig_general.o(.text) for __default_signal_display
    defsig_rtmem_inner.o(.text) refers to defsig_general.o(.text) for __default_signal_display
    defsig_rtmem_outer.o(.text) refers to defsig_rtmem_inner.o(.text) for __rt_SIGRTMEM_inner
    defsig_rtmem_outer.o(.text) refers to defsig_exit.o(.text) for __sig_exit
    defsig_rtmem_formal.o(.text) refers to rt_raise.o(.text) for __rt_raise
    defsig_stak_inner.o(.text) refers to defsig_general.o(.text) for __default_signal_display
    defsig_pvfn_inner.o(.text) refers to defsig_general.o(.text) for __default_signal_display
    defsig_cppl_inner.o(.text) refers to defsig_general.o(.text) for __default_signal_display
    defsig_segv_inner.o(.text) refers to defsig_general.o(.text) for __default_signal_display
    defsig_other.o(.text) refers to defsig_general.o(.text) for __default_signal_display


==============================================================================

Removing Unused input sections from the image.

    Removing init_comm.o(.text), (0 bytes).
    Removing init_comm.o(.text.init_Comm), (188 bytes).
    Removing init_comm.o(.ARM.exidx.text.init_Comm), (8 bytes).
    Removing init_comm.o(.text.USART2_write), (20 bytes).
    Removing init_comm.o(.ARM.exidx.text.USART2_write), (8 bytes).
    Removing init_comm.o(.text.USART2_read), (16 bytes).
    Removing init_comm.o(.ARM.exidx.text.USART2_read), (8 bytes).
    Removing init_comm.o(.text.fgetc), (24 bytes).
    Removing init_comm.o(.ARM.exidx.text.fgetc), (8 bytes).
    Removing init_comm.o(.text.fputc), (8 bytes).
    Removing init_comm.o(.ARM.exidx.text.fputc), (8 bytes).
    Removing init_comm.o(.bss.__stdin), (84 bytes).
    Removing init_comm.o(.data.__stdout), (84 bytes).
    Removing init_comm.o(.data.__stderr), (84 bytes).
    Removing main.o(.text), (0 bytes).
    Removing main.o(.ARM.exidx.text.main), (8 bytes).
    Removing main.o(.ARM.use_no_argv), (4 bytes).
    Removing utilities.o(.text), (0 bytes).
    Removing utilities.o(.ARM.exidx.text.delay_ms), (8 bytes).
    Removing utilities.o(.ARM.exidx.text.configClocks), (8 bytes).
    Removing utilities.o(.ARM.exidx.text.configRunningButton), (8 bytes).
    Removing utilities.o(.ARM.exidx.text.configEngine), (8 bytes).
    Removing utilities.o(.ARM.exidx.text.configADC), (8 bytes).
    Removing utilities.o(.ARM.exidx.text.configSensor), (8 bytes).
    Removing utilities.o(.ARM.exidx.text.configPotentiometres), (8 bytes).
    Removing utilities.o(.ARM.exidx.text.sensorToDistance), (8 bytes).
    Removing utilities.o(.ARM.exidx.text.getSensorValue), (8 bytes).
    Removing utilities.o(.ARM.exidx.text.getPotentiometreValue), (8 bytes).
    Removing utilities.o(.ARM.exidx.text.PID), (8 bytes).
    Removing utilities.o(.ARM.exidx.text.floatToString), (8 bytes).
    Removing screen.o(.text), (0 bytes).
    Removing screen.o(.ARM.exidx.text.LCD_printFloat), (8 bytes).
    Removing screen.o(.ARM.exidx.text.LCD_write_data), (8 bytes).
    Removing screen.o(.ARM.exidx.text.LCD_init), (8 bytes).
    Removing screen.o(.ARM.exidx.text.LCD_clear), (8 bytes).
    Removing screen.o(.ARM.exidx.text.LCD_write_command), (8 bytes).
    Removing screen.o(.ARM.exidx.text.LCD_update), (8 bytes).
    Removing screen.o(.ARM.exidx.text.SPI1_init), (8 bytes).
    Removing screen.o(.ARM.exidx.text.LCD_set_contrast), (8 bytes).
    Removing screen.o(.ARM.exidx.text.SPI1_write), (8 bytes).
    Removing screen.o(.text.SPI1_write_string), (28 bytes).
    Removing screen.o(.ARM.exidx.text.SPI1_write_string), (8 bytes).
    Removing system_stm32f0xx.o(.text), (0 bytes).
    Removing system_stm32f0xx.o(.ARM.exidx.text.SystemInit), (8 bytes).
    Removing system_stm32f0xx.o(.text.SystemCoreClockUpdate), (112 bytes).
    Removing system_stm32f0xx.o(.ARM.exidx.text.SystemCoreClockUpdate), (8 bytes).
    Removing system_stm32f0xx.o(.data.SystemCoreClock), (4 bytes).
    Removing system_stm32f0xx.o(.rodata.AHBPrescTable), (16 bytes).
    Removing system_stm32f0xx.o(.rodata.APBPrescTable), (8 bytes).

49 unused section(s) (total 920 bytes) removed from the image.

==============================================================================

Image Symbol Table

    Local Symbols

    Symbol Name                              Value     Ov Type        Size  Object(Section)

    ../clib/angel/boardlib.s                 0x00000000   Number         0  boardinit1.o ABSOLUTE
    ../clib/angel/boardlib.s                 0x00000000   Number         0  boardinit2.o ABSOLUTE
    ../clib/angel/boardlib.s                 0x00000000   Number         0  boardinit3.o ABSOLUTE
    ../clib/angel/boardlib.s                 0x00000000   Number         0  boardshut.o ABSOLUTE
    ../clib/angel/handlers.s                 0x00000000   Number         0  __scatter_copy.o ABSOLUTE
    ../clib/angel/handlers.s                 0x00000000   Number         0  __scatter_zi.o ABSOLUTE
    ../clib/angel/kernel.s                   0x00000000   Number         0  __rtentry.o ABSOLUTE
    ../clib/angel/kernel.s                   0x00000000   Number         0  __rtentry2.o ABSOLUTE
    ../clib/angel/kernel.s                   0x00000000   Number         0  __rtentry4.o ABSOLUTE
    ../clib/angel/kernel.s                   0x00000000   Number         0  rtexit.o ABSOLUTE
    ../clib/angel/kernel.s                   0x00000000   Number         0  rtexit2.o ABSOLUTE
    ../clib/angel/rt.s                       0x00000000   Number         0  aeabi_idiv0.o ABSOLUTE
    ../clib/angel/rt.s                       0x00000000   Number         0  aeabi_idiv0_sigfpe.o ABSOLUTE
    ../clib/angel/rt.s                       0x00000000   Number         0  rt_div0.o ABSOLUTE
    ../clib/angel/rt.s                       0x00000000   Number         0  rt_raise.o ABSOLUTE
    ../clib/angel/scatterp.s                 0x00000000   Number         0  __scatter.o ABSOLUTE
    ../clib/angel/startup.s                  0x00000000   Number         0  __main.o ABSOLUTE
    ../clib/angel/sys.s                      0x00000000   Number         0  sys_stackheap_outer.o ABSOLUTE
    ../clib/angel/sys.s                      0x00000000   Number         0  libspace.o ABSOLUTE
    ../clib/angel/sys.s                      0x00000000   Number         0  tempstk.o ABSOLUTE
    ../clib/angel/sys.s                      0x00000000   Number         0  use_no_semi.o ABSOLUTE
    ../clib/angel/sys.s                      0x00000000   Number         0  indicate_semi.o ABSOLUTE
    ../clib/angel/sysapp.c                   0x00000000   Number         0  sys_exit.o ABSOLUTE
    ../clib/angel/sysapp.c                   0x00000000   Number         0  sys_exit_hlt.o ABSOLUTE
    ../clib/angel/sysapp.c                   0x00000000   Number         0  sys_wrch.o ABSOLUTE
    ../clib/angel/sysapp.c                   0x00000000   Number         0  sys_wrch_hlt.o ABSOLUTE
    ../clib/angel/sysapp.c                   0x00000000   Number         0  sys_command.o ABSOLUTE
    ../clib/angel/sysapp.c                   0x00000000   Number         0  sys_command_hlt.o ABSOLUTE
    ../clib/armsys.c                         0x00000000   Number         0  argv_veneer.o ABSOLUTE
    ../clib/armsys.c                         0x00000000   Number         0  _get_argv_nomalloc.o ABSOLUTE
    ../clib/armsys.c                         0x00000000   Number         0  no_argv.o ABSOLUTE
    ../clib/division.s                       0x00000000   Number         0  aeabi_sdivfast.o ABSOLUTE
    ../clib/division.s                       0x00000000   Number         0  aeabi_sdivfast_div0.o ABSOLUTE
    ../clib/heapalloc.c                      0x00000000   Number         0  hrguard.o ABSOLUTE
    ../clib/heapaux.c                        0x00000000   Number         0  heapauxi.o ABSOLUTE
    ../clib/libinit.s                        0x00000000   Number         0  libinit.o ABSOLUTE
    ../clib/libinit.s                        0x00000000   Number         0  libinit2.o ABSOLUTE
    ../clib/libinit.s                        0x00000000   Number         0  libshutdown.o ABSOLUTE
    ../clib/libinit.s                        0x00000000   Number         0  libshutdown2.o ABSOLUTE
    ../clib/signal.c                         0x00000000   Number         0  defsig_fpe_outer.o ABSOLUTE
    ../clib/signal.c                         0x00000000   Number         0  defsig_fpe_formal.o ABSOLUTE
    ../clib/signal.c                         0x00000000   Number         0  defsig_exit.o ABSOLUTE
    ../clib/signal.c                         0x00000000   Number         0  defsig_fpe_inner.o ABSOLUTE
    ../clib/signal.c                         0x00000000   Number         0  __raise.o ABSOLUTE
    ../clib/signal.c                         0x00000000   Number         0  defsig_general.o ABSOLUTE
    ../clib/signal.c                         0x00000000   Number         0  defsig_abrt_inner.o ABSOLUTE
    ../clib/signal.c                         0x00000000   Number         0  defsig_rtred_inner.o ABSOLUTE
    ../clib/signal.c                         0x00000000   Number         0  defsig_rtmem_inner.o ABSOLUTE
    ../clib/signal.c                         0x00000000   Number         0  defsig_rtmem_outer.o ABSOLUTE
    ../clib/signal.c                         0x00000000   Number         0  defsig_rtmem_formal.o ABSOLUTE
    ../clib/signal.c                         0x00000000   Number         0  defsig_stak_inner.o ABSOLUTE
    ../clib/signal.c                         0x00000000   Number         0  defsig_pvfn_inner.o ABSOLUTE
    ../clib/signal.c                         0x00000000   Number         0  defsig_cppl_inner.o ABSOLUTE
    ../clib/signal.c                         0x00000000   Number         0  defsig_segv_inner.o ABSOLUTE
    ../clib/signal.c                         0x00000000   Number         0  defsig_other.o ABSOLUTE
    ../clib/signal.s                         0x00000000   Number         0  defsig.o ABSOLUTE
    ../clib/stdlib.c                         0x00000000   Number         0  exit.o ABSOLUTE
    ../fplib/cfplib/cmp.c                    0x00000000   Number         0  fcmp.o ABSOLUTE
    ../fplib/cfplib/cmpret.c                 0x00000000   Number         0  cmpret.o ABSOLUTE
    ../fplib/cfplib/d2f.c                    0x00000000   Number         0  d2f.o ABSOLUTE
    ../fplib/cfplib/daddsub.c                0x00000000   Number         0  daddsub.o ABSOLUTE
    ../fplib/cfplib/ddiv.c                   0x00000000   Number         0  ddiv.o ABSOLUTE
    ../fplib/cfplib/dmul.c                   0x00000000   Number         0  dmul.o ABSOLUTE
    ../fplib/cfplib/fcmpin.c                 0x00000000   Number         0  fcmpin.o ABSOLUTE
    ../fplib/cfplib/ffix.c                   0x00000000   Number         0  ffixi.o ABSOLUTE
    ../fplib/cfplib/fflt.c                   0x00000000   Number         0  dflti.o ABSOLUTE
    ../fplib/cfplib/fflt.c                   0x00000000   Number         0  fflti.o ABSOLUTE
    ../fplib/cfplib/fpinit.c                 0x00000000   Number         0  fpinit.o ABSOLUTE
    ../fplib/cfplib/nan2.c                   0x00000000   Number         0  fnan2.o ABSOLUTE
    ../fplib/cfplib/retnan.c                 0x00000000   Number         0  retnan.o ABSOLUTE
    ../fplib/faddsub6m.s                     0x00000000   Number         0  faddsub.o ABSOLUTE
    ../fplib/feqf6m.s                        0x00000000   Number         0  feqf.o ABSOLUTE
    ../fplib/fgeqf6m.s                       0x00000000   Number         0  fgef.o ABSOLUTE
    ../fplib/fleqf6m.s                       0x00000000   Number         0  flef.o ABSOLUTE
    ../fplib/fmul6m.s                        0x00000000   Number         0  fmul.o ABSOLUTE
    ../fplib/usenofp.s                       0x00000000   Number         0  usenofp.o ABSOLUTE
    RTE/Device/STM32F091RCTx/startup_stm32f091xc.s 0x00000000   Number         0  startup_stm32f091xc.o ABSOLUTE
    dc.s                                     0x00000000   Number         0  dc.o ABSOLUTE
    init_Comm.c                              0x00000000   Number         0  init_comm.o ABSOLUTE
    main.c                                   0x00000000   Number         0  main.o ABSOLUTE
    screen.c                                 0x00000000   Number         0  screen.o ABSOLUTE
    system_stm32f0xx.c                       0x00000000   Number         0  system_stm32f0xx.o ABSOLUTE
    utilities.c                              0x00000000   Number         0  utilities.o ABSOLUTE
    RESET                                    0x08000000   Section      188  startup_stm32f091xc.o(RESET)
    !!!main                                  0x080000bc   Section        8  __main.o(!!!main)
    !!!scatter                               0x080000c4   Section       60  __scatter.o(!!!scatter)
    !!handler_copy                           0x08000100   Section       26  __scatter_copy.o(!!handler_copy)
    !!handler_zi                             0x0800011c   Section       28  __scatter_zi.o(!!handler_zi)
    .ARM.Collect$$libinit$$00000000          0x08000138   Section        2  libinit.o(.ARM.Collect$$libinit$$00000000)
    .ARM.Collect$$libinit$$00000002          0x0800013a   Section        0  libinit2.o(.ARM.Collect$$libinit$$00000002)
    .ARM.Collect$$libinit$$00000004          0x0800013a   Section        0  libinit2.o(.ARM.Collect$$libinit$$00000004)
    .ARM.Collect$$libinit$$0000000A          0x0800013a   Section        0  libinit2.o(.ARM.Collect$$libinit$$0000000A)
    .ARM.Collect$$libinit$$0000000C          0x0800013a   Section        0  libinit2.o(.ARM.Collect$$libinit$$0000000C)
    .ARM.Collect$$libinit$$0000000E          0x0800013a   Section        0  libinit2.o(.ARM.Collect$$libinit$$0000000E)
    .ARM.Collect$$libinit$$00000011          0x0800013a   Section        0  libinit2.o(.ARM.Collect$$libinit$$00000011)
    .ARM.Collect$$libinit$$00000013          0x0800013a   Section        0  libinit2.o(.ARM.Collect$$libinit$$00000013)
    .ARM.Collect$$libinit$$00000015          0x0800013a   Section        0  libinit2.o(.ARM.Collect$$libinit$$00000015)
    .ARM.Collect$$libinit$$00000017          0x0800013a   Section        0  libinit2.o(.ARM.Collect$$libinit$$00000017)
    .ARM.Collect$$libinit$$00000019          0x0800013a   Section        0  libinit2.o(.ARM.Collect$$libinit$$00000019)
    .ARM.Collect$$libinit$$0000001B          0x0800013a   Section        0  libinit2.o(.ARM.Collect$$libinit$$0000001B)
    .ARM.Collect$$libinit$$0000001D          0x0800013a   Section        0  libinit2.o(.ARM.Collect$$libinit$$0000001D)
    .ARM.Collect$$libinit$$0000001F          0x0800013a   Section        0  libinit2.o(.ARM.Collect$$libinit$$0000001F)
    .ARM.Collect$$libinit$$00000021          0x0800013a   Section        0  libinit2.o(.ARM.Collect$$libinit$$00000021)
    .ARM.Collect$$libinit$$00000023          0x0800013a   Section        0  libinit2.o(.ARM.Collect$$libinit$$00000023)
    .ARM.Collect$$libinit$$00000025          0x0800013a   Section        0  libinit2.o(.ARM.Collect$$libinit$$00000025)
    .ARM.Collect$$libinit$$0000002C          0x0800013a   Section        0  libinit2.o(.ARM.Collect$$libinit$$0000002C)
    .ARM.Collect$$libinit$$0000002E          0x0800013a   Section        0  libinit2.o(.ARM.Collect$$libinit$$0000002E)
    .ARM.Collect$$libinit$$00000030          0x0800013a   Section        0  libinit2.o(.ARM.Collect$$libinit$$00000030)
    .ARM.Collect$$libinit$$00000032          0x0800013a   Section        0  libinit2.o(.ARM.Collect$$libinit$$00000032)
    .ARM.Collect$$libinit$$00000033          0x0800013a   Section        2  libinit2.o(.ARM.Collect$$libinit$$00000033)
    .ARM.Collect$$libshutdown$$00000000      0x0800013c   Section        2  libshutdown.o(.ARM.Collect$$libshutdown$$00000000)
    .ARM.Collect$$libshutdown$$00000002      0x0800013e   Section        0  libshutdown2.o(.ARM.Collect$$libshutdown$$00000002)
    .ARM.Collect$$libshutdown$$00000004      0x0800013e   Section        0  libshutdown2.o(.ARM.Collect$$libshutdown$$00000004)
    .ARM.Collect$$libshutdown$$00000007      0x0800013e   Section        0  libshutdown2.o(.ARM.Collect$$libshutdown$$00000007)
    .ARM.Collect$$libshutdown$$0000000A      0x0800013e   Section        0  libshutdown2.o(.ARM.Collect$$libshutdown$$0000000A)
    .ARM.Collect$$libshutdown$$0000000C      0x0800013e   Section        0  libshutdown2.o(.ARM.Collect$$libshutdown$$0000000C)
    .ARM.Collect$$libshutdown$$0000000F      0x0800013e   Section        0  libshutdown2.o(.ARM.Collect$$libshutdown$$0000000F)
    .ARM.Collect$$libshutdown$$00000010      0x0800013e   Section        2  libshutdown2.o(.ARM.Collect$$libshutdown$$00000010)
    .ARM.Collect$$rtentry$$00000000          0x08000140   Section        0  __rtentry.o(.ARM.Collect$$rtentry$$00000000)
    .ARM.Collect$$rtentry$$00000002          0x08000140   Section        0  __rtentry2.o(.ARM.Collect$$rtentry$$00000002)
    .ARM.Collect$$rtentry$$00000004          0x08000140   Section        6  __rtentry4.o(.ARM.Collect$$rtentry$$00000004)
    .ARM.Collect$$rtentry$$00000009          0x08000146   Section        0  __rtentry2.o(.ARM.Collect$$rtentry$$00000009)
    .ARM.Collect$$rtentry$$0000000A          0x08000146   Section        4  __rtentry2.o(.ARM.Collect$$rtentry$$0000000A)
    .ARM.Collect$$rtentry$$0000000C          0x0800014a   Section        0  __rtentry2.o(.ARM.Collect$$rtentry$$0000000C)
    .ARM.Collect$$rtentry$$0000000D          0x0800014a   Section        8  __rtentry2.o(.ARM.Collect$$rtentry$$0000000D)
    .ARM.Collect$$rtexit$$00000000           0x08000152   Section        2  rtexit.o(.ARM.Collect$$rtexit$$00000000)
    .ARM.Collect$$rtexit$$00000002           0x08000154   Section        0  rtexit2.o(.ARM.Collect$$rtexit$$00000002)
    .ARM.Collect$$rtexit$$00000003           0x08000154   Section        4  rtexit2.o(.ARM.Collect$$rtexit$$00000003)
    .ARM.Collect$$rtexit$$00000004           0x08000158   Section        6  rtexit2.o(.ARM.Collect$$rtexit$$00000004)
    .text                                    0x08000160   Section       56  startup_stm32f091xc.o(.text)
    .text                                    0x08000198   Section      504  aeabi_sdivfast.o(.text)
    .text                                    0x08000390   Section        0  heapauxi.o(.text)
    .text                                    0x08000398   Section        0  d2f.o(.text)
    _dadd1                                   0x08000415   Thumb Code   290  daddsub.o(.text)
    .text                                    0x08000414   Section        0  daddsub.o(.text)
    _dsub1                                   0x08000537   Thumb Code   470  daddsub.o(.text)
    .text                                    0x0800076c   Section        0  ddiv.o(.text)
    .text                                    0x08000bb4   Section        0  dflti.o(.text)
    .text                                    0x08000c0c   Section        0  dmul.o(.text)
    .text                                    0x08000e54   Section        0  ffixi.o(.text)
    .text                                    0x08000ea0   Section        0  fflti.o(.text)
    .text                                    0x08000f00   Section        0  fcmpin.o(.text)
    .text                                    0x08000f64   Section       62  sys_stackheap_outer.o(.text)
    .text                                    0x08000fa2   Section        0  exit.o(.text)
    .text                                    0x08000fb2   Section        0  cmpret.o(.text)
    .text                                    0x08000fe0   Section        0  fnan2.o(.text)
    .text                                    0x08000ff0   Section        8  libspace.o(.text)
    .text                                    0x08000ff8   Section        0  retnan.o(.text)
    .text                                    0x08001058   Section        0  sys_exit.o(.text)
    .text                                    0x08001064   Section        2  use_no_semi.o(.text)
    [Anonymous Symbol]                       0x08001066   Section        0  screen.o(.text.LCD_clear)
    .text                                    0x08001066   Section        0  indicate_semi.o(.text)
    [Anonymous Symbol]                       0x08001070   Section        0  screen.o(.text.LCD_init)
    [Anonymous Symbol]                       0x08001108   Section        0  screen.o(.text.LCD_printFloat)
    [Anonymous Symbol]                       0x0800112c   Section        0  screen.o(.text.LCD_set_contrast)
    [Anonymous Symbol]                       0x08001150   Section        0  screen.o(.text.LCD_update)
    [Anonymous Symbol]                       0x08001190   Section        0  screen.o(.text.LCD_write_command)
    [Anonymous Symbol]                       0x080011b0   Section        0  screen.o(.text.LCD_write_data)
    __arm_cp.1_0                             0x080011c4   Number         4  screen.o(.text.LCD_write_data)
    [Anonymous Symbol]                       0x080011c8   Section        0  utilities.o(.text.PID)
    __arm_cp.10_0                            0x08001230   Number         4  utilities.o(.text.PID)
    __arm_cp.10_1                            0x08001234   Number         4  utilities.o(.text.PID)
    __arm_cp.10_2                            0x08001238   Number         4  utilities.o(.text.PID)
    __arm_cp.10_3                            0x0800123c   Number         4  utilities.o(.text.PID)
    __arm_cp.10_4                            0x08001240   Number         4  utilities.o(.text.PID)
    __arm_cp.10_5                            0x08001244   Number         4  utilities.o(.text.PID)
    [Anonymous Symbol]                       0x08001248   Section        0  screen.o(.text.SPI1_init)
    __arm_cp.6_1                             0x080012e8   Number         4  screen.o(.text.SPI1_init)
    [Anonymous Symbol]                       0x080012ec   Section        0  screen.o(.text.SPI1_write)
    __arm_cp.8_0                             0x08001308   Number         4  screen.o(.text.SPI1_write)
    [Anonymous Symbol]                       0x0800130c   Section        0  system_stm32f0xx.o(.text.SystemInit)
    [Anonymous Symbol]                       0x08001310   Section        0  utilities.o(.text.configADC)
    __arm_cp.4_0                             0x08001354   Number         4  utilities.o(.text.configADC)
    [Anonymous Symbol]                       0x08001358   Section        0  utilities.o(.text.configClocks)
    __arm_cp.1_0                             0x08001384   Number         4  utilities.o(.text.configClocks)
    [Anonymous Symbol]                       0x08001388   Section        0  utilities.o(.text.configEngine)
    __arm_cp.3_1                             0x080013ec   Number         4  utilities.o(.text.configEngine)
    __arm_cp.3_2                             0x080013f0   Number         4  utilities.o(.text.configEngine)
    __arm_cp.3_3                             0x080013f4   Number         4  utilities.o(.text.configEngine)
    [Anonymous Symbol]                       0x080013f8   Section        0  utilities.o(.text.configPotentiometres)
    [Anonymous Symbol]                       0x08001420   Section        0  utilities.o(.text.configRunningButton)
    __arm_cp.2_0                             0x08001438   Number         4  utilities.o(.text.configRunningButton)
    __arm_cp.2_1                             0x0800143c   Number         4  utilities.o(.text.configRunningButton)
    [Anonymous Symbol]                       0x08001440   Section        0  utilities.o(.text.configSensor)
    __arm_cp.5_0                             0x0800144c   Number         4  utilities.o(.text.configSensor)
    [Anonymous Symbol]                       0x08001450   Section        0  utilities.o(.text.delay_ms)
    [Anonymous Symbol]                       0x08001474   Section        0  utilities.o(.text.floatToString)
    __arm_cp.11_0                            0x08001510   Number         4  utilities.o(.text.floatToString)
    __arm_cp.11_1                            0x08001514   Number         4  utilities.o(.text.floatToString)
    [Anonymous Symbol]                       0x08001518   Section        0  utilities.o(.text.getPotentiometreValue)
    __arm_cp.9_1                             0x08001608   Number         4  utilities.o(.text.getPotentiometreValue)
    __arm_cp.9_2                             0x0800160c   Number         4  utilities.o(.text.getPotentiometreValue)
    [Anonymous Symbol]                       0x08001610   Section        0  utilities.o(.text.getSensorValue)
    __arm_cp.8_0                             0x08001640   Number         4  utilities.o(.text.getSensorValue)
    [Anonymous Symbol]                       0x08001644   Section        0  main.o(.text.main)
    __arm_cp.0_0                             0x080016f8   Number         4  main.o(.text.main)
    __arm_cp.0_1                             0x080016fc   Number         4  main.o(.text.main)
    __arm_cp.0_2                             0x08001700   Number         4  main.o(.text.main)
    __arm_cp.0_3                             0x08001704   Number         4  main.o(.text.main)
    __arm_cp.0_4                             0x08001708   Number         4  main.o(.text.main)
    __arm_cp.0_5                             0x0800170c   Number         4  main.o(.text.main)
    __arm_cp.0_6                             0x08001710   Number         4  main.o(.text.main)
    [Anonymous Symbol]                       0x08001714   Section        0  utilities.o(.text.sensorToDistance)
    __arm_cp.7_0                             0x08001784   Number         4  utilities.o(.text.sensorToDistance)
    __arm_cp.7_1                             0x08001788   Number         4  utilities.o(.text.sensorToDistance)
    __arm_cp.7_2                             0x0800178c   Number         4  utilities.o(.text.sensorToDistance)
    __arm_cp.7_3                             0x08001790   Number         4  utilities.o(.text.sensorToDistance)
    __arm_cp.7_4                             0x08001794   Number         4  utilities.o(.text.sensorToDistance)
    __arm_cp.7_5                             0x08001798   Number         4  utilities.o(.text.sensorToDistance)
    __arm_cp.7_6                             0x0800179c   Number         4  utilities.o(.text.sensorToDistance)
    .text_divfast                            0x080017a0   Section      502  aeabi_sdivfast.o(.text_divfast)
    i._fgeq                                  0x08001996   Section        0  fcmp.o(i._fgeq)
    i._fgr                                   0x080019ac   Section        0  fcmp.o(i._fgr)
    i._fls                                   0x080019c2   Section        0  fcmp.o(i._fls)
    x$fpl$fadd                               0x080019d8   Section      140  faddsub.o(x$fpl$fadd)
    _fadd1                                   0x080019e5   Thumb Code     0  faddsub.o(x$fpl$fadd)
    x$fpl$fgeqf                              0x08001a64   Section       84  fgef.o(x$fpl$fgeqf)
    x$fpl$fleqf                              0x08001ab8   Section       84  flef.o(x$fpl$fleqf)
    x$fpl$fmul                               0x08001b0c   Section      176  fmul.o(x$fpl$fmul)
    x$fpl$fsub                               0x08001bbc   Section      208  faddsub.o(x$fpl$fsub)
    _fsub1                                   0x08001bc9   Thumb Code     0  faddsub.o(x$fpl$fsub)
    ddiv_reciptbl                            0x08001c8c   Data         128  ddiv.o(.constdata)
    .constdata                               0x08001c8c   Section      128  ddiv.o(.constdata)
    x$fpl$usenofp                            0x08001c8c   Section        0  usenofp.o(x$fpl$usenofp)
    .bss                                     0x20000018   Section       96  libspace.o(.bss)
    PID.E                                    0x20000078   Data           4  utilities.o(.bss.PID.E)
    [Anonymous Symbol]                       0x20000078   Section        0  utilities.o(.bss.PID.E)
    PID.lastE                                0x2000007c   Data           4  utilities.o(.bss.PID.lastE)
    [Anonymous Symbol]                       0x2000007c   Section        0  utilities.o(.bss.PID.lastE)
    Heap_Mem                                 0x20000080   Data         512  startup_stm32f091xc.o(HEAP)
    HEAP                                     0x20000080   Section      512  startup_stm32f091xc.o(HEAP)
    Stack_Mem                                0x20000280   Data        1024  startup_stm32f091xc.o(STACK)
    STACK                                    0x20000280   Section     1024  startup_stm32f091xc.o(STACK)
    __initial_sp                             0x20000680   Data           0  startup_stm32f091xc.o(STACK)

    Global Symbols

    Symbol Name                              Value     Ov Type        Size  Object(Section)

    BuildAttributes$$THM_ISAv3M$S$PE$A:L22$X:L11$S22$IEEE1$IW$~IW$USESV6$~STKCKD$USESV7$~SHL$OTIME$ROPI$EBA8$UX$STANDARDLIB$REQ8$PRES8$EABIv2 0x00000000   Number         0  anon$$obj.o ABSOLUTE
    __ARM_exceptions_init                     - Undefined Weak Reference
    __alloca_initialize                       - Undefined Weak Reference
    __arm_preinit_                            - Undefined Weak Reference
    __cpp_initialize__aeabi_                  - Undefined Weak Reference
    __cxa_finalize                            - Undefined Weak Reference
    __rt_locale                               - Undefined Weak Reference
    __sigvec_lookup                           - Undefined Weak Reference
    _atexit_init                              - Undefined Weak Reference
    _call_atexit_fns                          - Undefined Weak Reference
    _clock_init                               - Undefined Weak Reference
    _fp_trap_init                             - Undefined Weak Reference
    _fp_trap_shutdown                         - Undefined Weak Reference
    _get_lc_collate                           - Undefined Weak Reference
    _get_lc_ctype                             - Undefined Weak Reference
    _get_lc_monetary                          - Undefined Weak Reference
    _get_lc_numeric                           - Undefined Weak Reference
    _get_lc_time                              - Undefined Weak Reference
    _getenv_init                              - Undefined Weak Reference
    _handle_redirection                       - Undefined Weak Reference
    _init_alloc                               - Undefined Weak Reference
    _init_user_alloc                          - Undefined Weak Reference
    _initio                                   - Undefined Weak Reference
    _rand_init                                - Undefined Weak Reference
    _signal_finish                            - Undefined Weak Reference
    _signal_init                              - Undefined Weak Reference
    _terminate_alloc                          - Undefined Weak Reference
    _terminate_user_alloc                     - Undefined Weak Reference
    _terminateio                              - Undefined Weak Reference
    __Vectors_Size                           0x000000bc   Number         0  startup_stm32f091xc.o ABSOLUTE
    __Vectors                                0x08000000   Data           4  startup_stm32f091xc.o(RESET)
    __Vectors_End                            0x080000bc   Data           0  startup_stm32f091xc.o(RESET)
    __main                                   0x080000bd   Thumb Code     8  __main.o(!!!main)
    __scatterload                            0x080000c5   Thumb Code     0  __scatter.o(!!!scatter)
    __scatterload_rt2                        0x080000c5   Thumb Code    52  __scatter.o(!!!scatter)
    __scatterload_rt2_thumb_only             0x080000c5   Thumb Code     0  __scatter.o(!!!scatter)
    __scatterload_null                       0x080000d5   Thumb Code     0  __scatter.o(!!!scatter)
    __scatterload_copy                       0x08000101   Thumb Code    26  __scatter_copy.o(!!handler_copy)
    __scatterload_zeroinit                   0x0800011d   Thumb Code    28  __scatter_zi.o(!!handler_zi)
    __rt_lib_init                            0x08000139   Thumb Code     0  libinit.o(.ARM.Collect$$libinit$$00000000)
    __rt_lib_init_alloca_1                   0x0800013b   Thumb Code     0  libinit2.o(.ARM.Collect$$libinit$$0000002E)
    __rt_lib_init_argv_1                     0x0800013b   Thumb Code     0  libinit2.o(.ARM.Collect$$libinit$$0000002C)
    __rt_lib_init_atexit_1                   0x0800013b   Thumb Code     0  libinit2.o(.ARM.Collect$$libinit$$0000001B)
    __rt_lib_init_clock_1                    0x0800013b   Thumb Code     0  libinit2.o(.ARM.Collect$$libinit$$00000021)
    __rt_lib_init_cpp_1                      0x0800013b   Thumb Code     0  libinit2.o(.ARM.Collect$$libinit$$00000032)
    __rt_lib_init_exceptions_1               0x0800013b   Thumb Code     0  libinit2.o(.ARM.Collect$$libinit$$00000030)
    __rt_lib_init_fp_1                       0x0800013b   Thumb Code     0  libinit2.o(.ARM.Collect$$libinit$$00000002)
    __rt_lib_init_fp_trap_1                  0x0800013b   Thumb Code     0  libinit2.o(.ARM.Collect$$libinit$$0000001F)
    __rt_lib_init_getenv_1                   0x0800013b   Thumb Code     0  libinit2.o(.ARM.Collect$$libinit$$00000023)
    __rt_lib_init_heap_1                     0x0800013b   Thumb Code     0  libinit2.o(.ARM.Collect$$libinit$$0000000A)
    __rt_lib_init_lc_collate_1               0x0800013b   Thumb Code     0  libinit2.o(.ARM.Collect$$libinit$$00000011)
    __rt_lib_init_lc_ctype_1                 0x0800013b   Thumb Code     0  libinit2.o(.ARM.Collect$$libinit$$00000013)
    __rt_lib_init_lc_monetary_1              0x0800013b   Thumb Code     0  libinit2.o(.ARM.Collect$$libinit$$00000015)
    __rt_lib_init_lc_numeric_1               0x0800013b   Thumb Code     0  libinit2.o(.ARM.Collect$$libinit$$00000017)
    __rt_lib_init_lc_time_1                  0x0800013b   Thumb Code     0  libinit2.o(.ARM.Collect$$libinit$$00000019)
    __rt_lib_init_preinit_1                  0x0800013b   Thumb Code     0  libinit2.o(.ARM.Collect$$libinit$$00000004)
    __rt_lib_init_rand_1                     0x0800013b   Thumb Code     0  libinit2.o(.ARM.Collect$$libinit$$0000000E)
    __rt_lib_init_return                     0x0800013b   Thumb Code     0  libinit2.o(.ARM.Collect$$libinit$$00000033)
    __rt_lib_init_signal_1                   0x0800013b   Thumb Code     0  libinit2.o(.ARM.Collect$$libinit$$0000001D)
    __rt_lib_init_stdio_1                    0x0800013b   Thumb Code     0  libinit2.o(.ARM.Collect$$libinit$$00000025)
    __rt_lib_init_user_alloc_1               0x0800013b   Thumb Code     0  libinit2.o(.ARM.Collect$$libinit$$0000000C)
    __rt_lib_shutdown                        0x0800013d   Thumb Code     0  libshutdown.o(.ARM.Collect$$libshutdown$$00000000)
    __rt_lib_shutdown_cpp_1                  0x0800013f   Thumb Code     0  libshutdown2.o(.ARM.Collect$$libshutdown$$00000002)
    __rt_lib_shutdown_fp_trap_1              0x0800013f   Thumb Code     0  libshutdown2.o(.ARM.Collect$$libshutdown$$00000007)
    __rt_lib_shutdown_heap_1                 0x0800013f   Thumb Code     0  libshutdown2.o(.ARM.Collect$$libshutdown$$0000000F)
    __rt_lib_shutdown_return                 0x0800013f   Thumb Code     0  libshutdown2.o(.ARM.Collect$$libshutdown$$00000010)
    __rt_lib_shutdown_signal_1               0x0800013f   Thumb Code     0  libshutdown2.o(.ARM.Collect$$libshutdown$$0000000A)
    __rt_lib_shutdown_stdio_1                0x0800013f   Thumb Code     0  libshutdown2.o(.ARM.Collect$$libshutdown$$00000004)
    __rt_lib_shutdown_user_alloc_1           0x0800013f   Thumb Code     0  libshutdown2.o(.ARM.Collect$$libshutdown$$0000000C)
    __rt_entry                               0x08000141   Thumb Code     0  __rtentry.o(.ARM.Collect$$rtentry$$00000000)
    __rt_entry_presh_1                       0x08000141   Thumb Code     0  __rtentry2.o(.ARM.Collect$$rtentry$$00000002)
    __rt_entry_sh                            0x08000141   Thumb Code     0  __rtentry4.o(.ARM.Collect$$rtentry$$00000004)
    __rt_entry_li                            0x08000147   Thumb Code     0  __rtentry2.o(.ARM.Collect$$rtentry$$0000000A)
    __rt_entry_postsh_1                      0x08000147   Thumb Code     0  __rtentry2.o(.ARM.Collect$$rtentry$$00000009)
    __rt_entry_main                          0x0800014b   Thumb Code     0  __rtentry2.o(.ARM.Collect$$rtentry$$0000000D)
    __rt_entry_postli_1                      0x0800014b   Thumb Code     0  __rtentry2.o(.ARM.Collect$$rtentry$$0000000C)
    __rt_exit                                0x08000153   Thumb Code     0  rtexit.o(.ARM.Collect$$rtexit$$00000000)
    __rt_exit_ls                             0x08000155   Thumb Code     0  rtexit2.o(.ARM.Collect$$rtexit$$00000003)
    __rt_exit_prels_1                        0x08000155   Thumb Code     0  rtexit2.o(.ARM.Collect$$rtexit$$00000002)
    __rt_exit_exit                           0x08000159   Thumb Code     0  rtexit2.o(.ARM.Collect$$rtexit$$00000004)
    Reset_Handler                            0x08000161   Thumb Code     8  startup_stm32f091xc.o(.text)
    NMI_Handler                              0x08000169   Thumb Code     2  startup_stm32f091xc.o(.text)
    HardFault_Handler                        0x0800016b   Thumb Code     2  startup_stm32f091xc.o(.text)
    SVC_Handler                              0x0800016d   Thumb Code     2  startup_stm32f091xc.o(.text)
    PendSV_Handler                           0x0800016f   Thumb Code     2  startup_stm32f091xc.o(.text)
    SysTick_Handler                          0x08000171   Thumb Code     2  startup_stm32f091xc.o(.text)
    ADC1_COMP_IRQHandler                     0x08000173   Thumb Code     0  startup_stm32f091xc.o(.text)
    CEC_CAN_IRQHandler                       0x08000173   Thumb Code     0  startup_stm32f091xc.o(.text)
    DMA1_Ch1_IRQHandler                      0x08000173   Thumb Code     0  startup_stm32f091xc.o(.text)
    DMA1_Ch2_3_DMA2_Ch1_2_IRQHandler         0x08000173   Thumb Code     0  startup_stm32f091xc.o(.text)
    DMA1_Ch4_7_DMA2_Ch3_5_IRQHandler         0x08000173   Thumb Code     0  startup_stm32f091xc.o(.text)
    EXTI0_1_IRQHandler                       0x08000173   Thumb Code     0  startup_stm32f091xc.o(.text)
    EXTI2_3_IRQHandler                       0x08000173   Thumb Code     0  startup_stm32f091xc.o(.text)
    EXTI4_15_IRQHandler                      0x08000173   Thumb Code     0  startup_stm32f091xc.o(.text)
    FLASH_IRQHandler                         0x08000173   Thumb Code     0  startup_stm32f091xc.o(.text)
    I2C1_IRQHandler                          0x08000173   Thumb Code     0  startup_stm32f091xc.o(.text)
    I2C2_IRQHandler                          0x08000173   Thumb Code     0  startup_stm32f091xc.o(.text)
    PVD_VDDIO2_IRQHandler                    0x08000173   Thumb Code     0  startup_stm32f091xc.o(.text)
    RCC_CRS_IRQHandler                       0x08000173   Thumb Code     0  startup_stm32f091xc.o(.text)
    RTC_IRQHandler                           0x08000173   Thumb Code     0  startup_stm32f091xc.o(.text)
    SPI1_IRQHandler                          0x08000173   Thumb Code     0  startup_stm32f091xc.o(.text)
    SPI2_IRQHandler                          0x08000173   Thumb Code     0  startup_stm32f091xc.o(.text)
    TIM14_IRQHandler                         0x08000173   Thumb Code     0  startup_stm32f091xc.o(.text)
    TIM15_IRQHandler                         0x08000173   Thumb Code     0  startup_stm32f091xc.o(.text)
    TIM16_IRQHandler                         0x08000173   Thumb Code     0  startup_stm32f091xc.o(.text)
    TIM17_IRQHandler                         0x08000173   Thumb Code     0  startup_stm32f091xc.o(.text)
    TIM1_BRK_UP_TRG_COM_IRQHandler           0x08000173   Thumb Code     0  startup_stm32f091xc.o(.text)
    TIM1_CC_IRQHandler                       0x08000173   Thumb Code     0  startup_stm32f091xc.o(.text)
    TIM2_IRQHandler                          0x08000173   Thumb Code     0  startup_stm32f091xc.o(.text)
    TIM3_IRQHandler                          0x08000173   Thumb Code     0  startup_stm32f091xc.o(.text)
    TIM6_DAC_IRQHandler                      0x08000173   Thumb Code     0  startup_stm32f091xc.o(.text)
    TIM7_IRQHandler                          0x08000173   Thumb Code     0  startup_stm32f091xc.o(.text)
    TSC_IRQHandler                           0x08000173   Thumb Code     0  startup_stm32f091xc.o(.text)
    USART1_IRQHandler                        0x08000173   Thumb Code     0  startup_stm32f091xc.o(.text)
    USART2_IRQHandler                        0x08000173   Thumb Code     0  startup_stm32f091xc.o(.text)
    USART3_8_IRQHandler                      0x08000173   Thumb Code     0  startup_stm32f091xc.o(.text)
    WWDG_IRQHandler                          0x08000173   Thumb Code     0  startup_stm32f091xc.o(.text)
    __user_initial_stackheap                 0x08000175   Thumb Code     0  startup_stm32f091xc.o(.text)
    __aeabi_uidivmod                         0x08000199   Thumb Code    28  aeabi_sdivfast.o(.text)
    __aeabi_idivmod                          0x080001b5   Thumb Code   472  aeabi_sdivfast.o(.text)
    __use_two_region_memory                  0x08000391   Thumb Code     2  heapauxi.o(.text)
    __rt_heap_escrow$2region                 0x08000393   Thumb Code     2  heapauxi.o(.text)
    __rt_heap_expand$2region                 0x08000395   Thumb Code     2  heapauxi.o(.text)
    __aeabi_d2f                              0x08000399   Thumb Code     0  d2f.o(.text)
    _d2f                                     0x08000399   Thumb Code   120  d2f.o(.text)
    __aeabi_dadd                             0x0800070d   Thumb Code     0  daddsub.o(.text)
    _dadd                                    0x0800070d   Thumb Code    26  daddsub.o(.text)
    __aeabi_dsub                             0x08000727   Thumb Code     0  daddsub.o(.text)
    _dsub                                    0x08000727   Thumb Code    22  daddsub.o(.text)
    __aeabi_drsub                            0x0800073d   Thumb Code     0  daddsub.o(.text)
    _drsb                                    0x0800073d   Thumb Code    28  daddsub.o(.text)
    __aeabi_ddiv                             0x0800076d   Thumb Code     0  ddiv.o(.text)
    _ddiv                                    0x0800076d   Thumb Code  1072  ddiv.o(.text)
    _drdiv                                   0x08000b9d   Thumb Code    20  ddiv.o(.text)
    __aeabi_i2d_normalise                    0x08000bb5   Thumb Code    66  dflti.o(.text)
    __aeabi_i2d                              0x08000bf7   Thumb Code    16  dflti.o(.text)
    _dflt                                    0x08000bf7   Thumb Code     0  dflti.o(.text)
    __aeabi_ui2d                             0x08000c07   Thumb Code     6  dflti.o(.text)
    _dfltu                                   0x08000c07   Thumb Code     0  dflti.o(.text)
    __aeabi_dmul                             0x08000c0d   Thumb Code     0  dmul.o(.text)
    _dmul                                    0x08000c0d   Thumb Code   558  dmul.o(.text)
    __aeabi_f2iz                             0x08000e55   Thumb Code     0  ffixi.o(.text)
    _ffix                                    0x08000e55   Thumb Code    76  ffixi.o(.text)
    __aeabi_i2f_normalise                    0x08000ea1   Thumb Code    72  fflti.o(.text)
    __aeabi_i2f                              0x08000ee9   Thumb Code    16  fflti.o(.text)
    _fflt                                    0x08000ee9   Thumb Code     0  fflti.o(.text)
    __aeabi_ui2f                             0x08000ef9   Thumb Code     6  fflti.o(.text)
    _ffltu                                   0x08000ef9   Thumb Code     0  fflti.o(.text)
    __fpl_fcmp_InfNaN                        0x08000f01   Thumb Code    96  fcmpin.o(.text)
    __user_setup_stackheap                   0x08000f65   Thumb Code    62  sys_stackheap_outer.o(.text)
    exit                                     0x08000fa3   Thumb Code    16  exit.o(.text)
    __fpl_cmpreturn                          0x08000fb3   Thumb Code    46  cmpret.o(.text)
    __fpl_fcheck_NaN2                        0x08000fe1   Thumb Code    10  fnan2.o(.text)
    __user_libspace                          0x08000ff1   Thumb Code     8  libspace.o(.text)
    __user_perproc_libspace                  0x08000ff1   Thumb Code     0  libspace.o(.text)
    __user_perthread_libspace                0x08000ff1   Thumb Code     0  libspace.o(.text)
    __fpl_return_NaN                         0x08000ff9   Thumb Code    94  retnan.o(.text)
    _sys_exit                                0x08001059   Thumb Code     8  sys_exit.o(.text)
    __I$use$semihosting                      0x08001065   Thumb Code     0  use_no_semi.o(.text)
    __use_no_semihosting_swi                 0x08001065   Thumb Code     2  use_no_semi.o(.text)
    LCD_clear                                0x08001067   Thumb Code    10  screen.o(.text.LCD_clear)
    __semihosting_library_function           0x08001067   Thumb Code     0  indicate_semi.o(.text)
    LCD_init                                 0x08001071   Thumb Code   152  screen.o(.text.LCD_init)
    LCD_printFloat                           0x08001109   Thumb Code    36  screen.o(.text.LCD_printFloat)
    LCD_set_contrast                         0x0800112d   Thumb Code    36  screen.o(.text.LCD_set_contrast)
    LCD_update                               0x08001151   Thumb Code    64  screen.o(.text.LCD_update)
    LCD_write_command                        0x08001191   Thumb Code    32  screen.o(.text.LCD_write_command)
    LCD_write_data                           0x080011b1   Thumb Code    20  screen.o(.text.LCD_write_data)
    PID                                      0x080011c9   Thumb Code   104  utilities.o(.text.PID)
    SPI1_init                                0x08001249   Thumb Code   160  screen.o(.text.SPI1_init)
    SPI1_write                               0x080012ed   Thumb Code    28  screen.o(.text.SPI1_write)
    SystemInit                               0x0800130d   Thumb Code     2  system_stm32f0xx.o(.text.SystemInit)
    configADC                                0x08001311   Thumb Code    68  utilities.o(.text.configADC)
    configClocks                             0x08001359   Thumb Code    44  utilities.o(.text.configClocks)
    configEngine                             0x08001389   Thumb Code   100  utilities.o(.text.configEngine)
    configPotentiometres                     0x080013f9   Thumb Code    40  utilities.o(.text.configPotentiometres)
    configRunningButton                      0x08001421   Thumb Code    24  utilities.o(.text.configRunningButton)
    configSensor                             0x08001441   Thumb Code    12  utilities.o(.text.configSensor)
    delay_ms                                 0x08001451   Thumb Code    34  utilities.o(.text.delay_ms)
    floatToString                            0x08001475   Thumb Code   156  utilities.o(.text.floatToString)
    getPotentiometreValue                    0x08001519   Thumb Code   240  utilities.o(.text.getPotentiometreValue)
    getSensorValue                           0x08001611   Thumb Code    48  utilities.o(.text.getSensorValue)
    main                                     0x08001645   Thumb Code   180  main.o(.text.main)
    sensorToDistance                         0x08001715   Thumb Code   112  utilities.o(.text.sensorToDistance)
    __aeabi_uidiv                            0x080017a1   Thumb Code    68  aeabi_sdivfast.o(.text_divfast)
    __aeabi_idiv                             0x080017e5   Thumb Code   434  aeabi_sdivfast.o(.text_divfast)
    __aeabi_fcmpge                           0x08001997   Thumb Code     0  fcmp.o(i._fgeq)
    _fgeq                                    0x08001997   Thumb Code    22  fcmp.o(i._fgeq)
    __aeabi_fcmpgt                           0x080019ad   Thumb Code     0  fcmp.o(i._fgr)
    _fgr                                     0x080019ad   Thumb Code    22  fcmp.o(i._fgr)
    __aeabi_fcmplt                           0x080019c3   Thumb Code     0  fcmp.o(i._fls)
    _fls                                     0x080019c3   Thumb Code    22  fcmp.o(i._fls)
    __aeabi_fadd                             0x080019d9   Thumb Code     0  faddsub.o(x$fpl$fadd)
    _fadd                                    0x080019d9   Thumb Code   134  faddsub.o(x$fpl$fadd)
    _fcmpge                                  0x08001a65   Thumb Code    78  fgef.o(x$fpl$fgeqf)
    __aeabi_cfcmple                          0x08001ab9   Thumb Code     0  flef.o(x$fpl$fleqf)
    _fcmple                                  0x08001ab9   Thumb Code    78  flef.o(x$fpl$fleqf)
    __aeabi_fmul                             0x08001b0d   Thumb Code     0  fmul.o(x$fpl$fmul)
    _fmul                                    0x08001b0d   Thumb Code   172  fmul.o(x$fpl$fmul)
    __aeabi_fsub                             0x08001bbd   Thumb Code     0  faddsub.o(x$fpl$fsub)
    _fsub                                    0x08001bbd   Thumb Code   204  faddsub.o(x$fpl$fsub)
    __I$use$fp                               0x08001c8c   Number         0  usenofp.o(x$fpl$usenofp)
    Region$$Table$$Base                      0x08001d0c   Number         0  anon$$obj.o(Region$$Table)
    Region$$Table$$Limit                     0x08001d2c   Number         0  anon$$obj.o(Region$$Table)
    Kd                                       0x20000000   Data           4  utilities.o(.data.Kd)
    Ki                                       0x20000004   Data           4  utilities.o(.data.Ki)
    Kp                                       0x20000008   Data           4  utilities.o(.data.Kp)
    center                                   0x2000000c   Data           4  utilities.o(.data.center)
    running                                  0x20000010   Data           4  utilities.o(.data.running)
    __libspace_start                         0x20000018   Data          96  libspace.o(.bss)
    __temporary_stack_top$libspace           0x20000078   Data           0  libspace.o(.bss)



==============================================================================

Memory Map of the image

  Image Entry point : 0x08000161

  Load Region LR_1 (Base: 0x08000000, Size: 0x00001d40, Max: 0xffffffff, ABSOLUTE)

    Execution Region ER_RO (Exec base: 0x08000000, Load base: 0x08000000, Size: 0x00001d2c, Max: 0xffffffff, ABSOLUTE)

    Exec Addr    Load Addr    Size         Type   Attr      Idx    E Section Name        Object

    0x08000000   0x08000000   0x000000bc   Data   RO          102    RESET               startup_stm32f091xc.o
    0x080000bc   0x080000bc   0x00000008   Code   RO          136  * !!!main             c_p.l(__main.o)
    0x080000c4   0x080000c4   0x0000003c   Code   RO          361    !!!scatter          c_p.l(__scatter.o)
    0x08000100   0x08000100   0x0000001a   Code   RO          363    !!handler_copy      c_p.l(__scatter_copy.o)
    0x0800011a   0x0800011a   0x00000002   PAD
    0x0800011c   0x0800011c   0x0000001c   Code   RO          365    !!handler_zi        c_p.l(__scatter_zi.o)
    0x08000138   0x08000138   0x00000002   Code   RO          218    .ARM.Collect$$libinit$$00000000  c_p.l(libinit.o)
    0x0800013a   0x0800013a   0x00000000   Code   RO          236    .ARM.Collect$$libinit$$00000002  c_p.l(libinit2.o)
    0x0800013a   0x0800013a   0x00000000   Code   RO          238    .ARM.Collect$$libinit$$00000004  c_p.l(libinit2.o)
    0x0800013a   0x0800013a   0x00000000   Code   RO          241    .ARM.Collect$$libinit$$0000000A  c_p.l(libinit2.o)
    0x0800013a   0x0800013a   0x00000000   Code   RO          243    .ARM.Collect$$libinit$$0000000C  c_p.l(libinit2.o)
    0x0800013a   0x0800013a   0x00000000   Code   RO          245    .ARM.Collect$$libinit$$0000000E  c_p.l(libinit2.o)
    0x0800013a   0x0800013a   0x00000000   Code   RO          248    .ARM.Collect$$libinit$$00000011  c_p.l(libinit2.o)
    0x0800013a   0x0800013a   0x00000000   Code   RO          250    .ARM.Collect$$libinit$$00000013  c_p.l(libinit2.o)
    0x0800013a   0x0800013a   0x00000000   Code   RO          252    .ARM.Collect$$libinit$$00000015  c_p.l(libinit2.o)
    0x0800013a   0x0800013a   0x00000000   Code   RO          254    .ARM.Collect$$libinit$$00000017  c_p.l(libinit2.o)
    0x0800013a   0x0800013a   0x00000000   Code   RO          256    .ARM.Collect$$libinit$$00000019  c_p.l(libinit2.o)
    0x0800013a   0x0800013a   0x00000000   Code   RO          258    .ARM.Collect$$libinit$$0000001B  c_p.l(libinit2.o)
    0x0800013a   0x0800013a   0x00000000   Code   RO          260    .ARM.Collect$$libinit$$0000001D  c_p.l(libinit2.o)
    0x0800013a   0x0800013a   0x00000000   Code   RO          262    .ARM.Collect$$libinit$$0000001F  c_p.l(libinit2.o)
    0x0800013a   0x0800013a   0x00000000   Code   RO          264    .ARM.Collect$$libinit$$00000021  c_p.l(libinit2.o)
    0x0800013a   0x0800013a   0x00000000   Code   RO          266    .ARM.Collect$$libinit$$00000023  c_p.l(libinit2.o)
    0x0800013a   0x0800013a   0x00000000   Code   RO          268    .ARM.Collect$$libinit$$00000025  c_p.l(libinit2.o)
    0x0800013a   0x0800013a   0x00000000   Code   RO          272    .ARM.Collect$$libinit$$0000002C  c_p.l(libinit2.o)
    0x0800013a   0x0800013a   0x00000000   Code   RO          274    .ARM.Collect$$libinit$$0000002E  c_p.l(libinit2.o)
    0x0800013a   0x0800013a   0x00000000   Code   RO          276    .ARM.Collect$$libinit$$00000030  c_p.l(libinit2.o)
    0x0800013a   0x0800013a   0x00000000   Code   RO          278    .ARM.Collect$$libinit$$00000032  c_p.l(libinit2.o)
    0x0800013a   0x0800013a   0x00000002   Code   RO          279    .ARM.Collect$$libinit$$00000033  c_p.l(libinit2.o)
    0x0800013c   0x0800013c   0x00000002   Code   RO          316    .ARM.Collect$$libshutdown$$00000000  c_p.l(libshutdown.o)
    0x0800013e   0x0800013e   0x00000000   Code   RO          344    .ARM.Collect$$libshutdown$$00000002  c_p.l(libshutdown2.o)
    0x0800013e   0x0800013e   0x00000000   Code   RO          346    .ARM.Collect$$libshutdown$$00000004  c_p.l(libshutdown2.o)
    0x0800013e   0x0800013e   0x00000000   Code   RO          349    .ARM.Collect$$libshutdown$$00000007  c_p.l(libshutdown2.o)
    0x0800013e   0x0800013e   0x00000000   Code   RO          352    .ARM.Collect$$libshutdown$$0000000A  c_p.l(libshutdown2.o)
    0x0800013e   0x0800013e   0x00000000   Code   RO          354    .ARM.Collect$$libshutdown$$0000000C  c_p.l(libshutdown2.o)
    0x0800013e   0x0800013e   0x00000000   Code   RO          357    .ARM.Collect$$libshutdown$$0000000F  c_p.l(libshutdown2.o)
    0x0800013e   0x0800013e   0x00000002   Code   RO          358    .ARM.Collect$$libshutdown$$00000010  c_p.l(libshutdown2.o)
    0x08000140   0x08000140   0x00000000   Code   RO          173    .ARM.Collect$$rtentry$$00000000  c_p.l(__rtentry.o)
    0x08000140   0x08000140   0x00000000   Code   RO          186    .ARM.Collect$$rtentry$$00000002  c_p.l(__rtentry2.o)
    0x08000140   0x08000140   0x00000006   Code   RO          198    .ARM.Collect$$rtentry$$00000004  c_p.l(__rtentry4.o)
    0x08000146   0x08000146   0x00000000   Code   RO          188    .ARM.Collect$$rtentry$$00000009  c_p.l(__rtentry2.o)
    0x08000146   0x08000146   0x00000004   Code   RO          189    .ARM.Collect$$rtentry$$0000000A  c_p.l(__rtentry2.o)
    0x0800014a   0x0800014a   0x00000000   Code   RO          191    .ARM.Collect$$rtentry$$0000000C  c_p.l(__rtentry2.o)
    0x0800014a   0x0800014a   0x00000008   Code   RO          192    .ARM.Collect$$rtentry$$0000000D  c_p.l(__rtentry2.o)
    0x08000152   0x08000152   0x00000002   Code   RO          227    .ARM.Collect$$rtexit$$00000000  c_p.l(rtexit.o)
    0x08000154   0x08000154   0x00000000   Code   RO          287    .ARM.Collect$$rtexit$$00000002  c_p.l(rtexit2.o)
    0x08000154   0x08000154   0x00000004   Code   RO          288    .ARM.Collect$$rtexit$$00000003  c_p.l(rtexit2.o)
    0x08000158   0x08000158   0x00000006   Code   RO          289    .ARM.Collect$$rtexit$$00000004  c_p.l(rtexit2.o)
    0x0800015e   0x0800015e   0x00000002   PAD
    0x08000160   0x08000160   0x00000038   Code   RO          103  * .text               startup_stm32f091xc.o
    0x08000198   0x08000198   0x000001f8   Code   RO          126    .text               c_p.l(aeabi_sdivfast.o)
    0x08000390   0x08000390   0x00000006   Code   RO          134    .text               c_p.l(heapauxi.o)
    0x08000396   0x08000396   0x00000002   PAD
    0x08000398   0x08000398   0x0000007c   Code   RO          138    .text               fz_ps.l(d2f.o)
    0x08000414   0x08000414   0x00000358   Code   RO          140    .text               fz_ps.l(daddsub.o)
    0x0800076c   0x0800076c   0x00000448   Code   RO          142    .text               fz_ps.l(ddiv.o)
    0x08000bb4   0x08000bb4   0x00000058   Code   RO          145    .text               fz_ps.l(dflti.o)
    0x08000c0c   0x08000c0c   0x00000248   Code   RO          147    .text               fz_ps.l(dmul.o)
    0x08000e54   0x08000e54   0x0000004c   Code   RO          167    .text               fz_ps.l(ffixi.o)
    0x08000ea0   0x08000ea0   0x0000005e   Code   RO          169    .text               fz_ps.l(fflti.o)
    0x08000efe   0x08000efe   0x00000002   PAD
    0x08000f00   0x08000f00   0x00000064   Code   RO          202    .text               fz_ps.l(fcmpin.o)
    0x08000f64   0x08000f64   0x0000003e   Code   RO          204    .text               c_p.l(sys_stackheap_outer.o)
    0x08000fa2   0x08000fa2   0x00000010   Code   RO          207    .text               c_p.l(exit.o)
    0x08000fb2   0x08000fb2   0x0000002e   Code   RO          219    .text               fz_ps.l(cmpret.o)
    0x08000fe0   0x08000fe0   0x00000010   Code   RO          221    .text               fz_ps.l(fnan2.o)
    0x08000ff0   0x08000ff0   0x00000008   Code   RO          223    .text               c_p.l(libspace.o)
    0x08000ff8   0x08000ff8   0x0000005e   Code   RO          280    .text               fz_ps.l(retnan.o)
    0x08001056   0x08001056   0x00000002   PAD
    0x08001058   0x08001058   0x0000000c   Code   RO          282    .text               c_p.l(sys_exit.o)
    0x08001064   0x08001064   0x00000002   Code   RO          305    .text               c_p.l(use_no_semi.o)
    0x08001066   0x08001066   0x00000000   Code   RO          307    .text               c_p.l(indicate_semi.o)
    0x08001066   0x08001066   0x0000000a   Code   RO           79    .text.LCD_clear     screen.o
    0x08001070   0x08001070   0x00000098   Code   RO           77    .text.LCD_init      screen.o
    0x08001108   0x08001108   0x00000024   Code   RO           73    .text.LCD_printFloat  screen.o
    0x0800112c   0x0800112c   0x00000024   Code   RO           87    .text.LCD_set_contrast  screen.o
    0x08001150   0x08001150   0x00000040   Code   RO           83    .text.LCD_update    screen.o
    0x08001190   0x08001190   0x00000020   Code   RO           81    .text.LCD_write_command  screen.o
    0x080011b0   0x080011b0   0x00000018   Code   RO           75    .text.LCD_write_data  screen.o
    0x080011c8   0x080011c8   0x00000080   Code   RO           54    .text.PID           utilities.o
    0x08001248   0x08001248   0x000000a4   Code   RO           85    .text.SPI1_init     screen.o
    0x080012ec   0x080012ec   0x00000020   Code   RO           89    .text.SPI1_write    screen.o
    0x0800130c   0x0800130c   0x00000002   Code   RO          110    .text.SystemInit    system_stm32f0xx.o
    0x0800130e   0x0800130e   0x00000002   PAD
    0x08001310   0x08001310   0x00000048   Code   RO           42    .text.configADC     utilities.o
    0x08001358   0x08001358   0x00000030   Code   RO           36    .text.configClocks  utilities.o
    0x08001388   0x08001388   0x00000070   Code   RO           40    .text.configEngine  utilities.o
    0x080013f8   0x080013f8   0x00000028   Code   RO           46    .text.configPotentiometres  utilities.o
    0x08001420   0x08001420   0x00000020   Code   RO           38    .text.configRunningButton  utilities.o
    0x08001440   0x08001440   0x00000010   Code   RO           44    .text.configSensor  utilities.o
    0x08001450   0x08001450   0x00000022   Code   RO           34    .text.delay_ms      utilities.o
    0x08001472   0x08001472   0x00000002   PAD
    0x08001474   0x08001474   0x000000a4   Code   RO           56    .text.floatToString  utilities.o
    0x08001518   0x08001518   0x000000f8   Code   RO           52    .text.getPotentiometreValue  utilities.o
    0x08001610   0x08001610   0x00000034   Code   RO           50    .text.getSensorValue  utilities.o
    0x08001644   0x08001644   0x000000d0   Code   RO           23    .text.main          main.o
    0x08001714   0x08001714   0x0000008c   Code   RO           48    .text.sensorToDistance  utilities.o
    0x080017a0   0x080017a0   0x000001f6   Code   RO          127    .text_divfast       c_p.l(aeabi_sdivfast.o)
    0x08001996   0x08001996   0x00000016   Code   RO          156    i._fgeq             fz_ps.l(fcmp.o)
    0x080019ac   0x080019ac   0x00000016   Code   RO          157    i._fgr              fz_ps.l(fcmp.o)
    0x080019c2   0x080019c2   0x00000016   Code   RO          159    i._fls              fz_ps.l(fcmp.o)
    0x080019d8   0x080019d8   0x0000008c   Code   RO          149    x$fpl$fadd          fz_ps.l(faddsub.o)
    0x08001a64   0x08001a64   0x00000054   Code   RO          180    x$fpl$fgeqf         fz_ps.l(fgef.o)
    0x08001ab8   0x08001ab8   0x00000054   Code   RO          182    x$fpl$fleqf         fz_ps.l(flef.o)
    0x08001b0c   0x08001b0c   0x000000b0   Code   RO          171    x$fpl$fmul          fz_ps.l(fmul.o)
    0x08001bbc   0x08001bbc   0x000000d0   Code   RO          151    x$fpl$fsub          fz_ps.l(faddsub.o)
    0x08001c8c   0x08001c8c   0x00000000   Code   RO          184    x$fpl$usenofp       fz_ps.l(usenofp.o)
    0x08001c8c   0x08001c8c   0x00000080   Data   RO          143    .constdata          fz_ps.l(ddiv.o)
    0x08001d0c   0x08001d0c   0x00000020   Data   RO          360    Region$$Table       anon$$obj.o


    Execution Region ER_RW (Exec base: 0x20000000, Load base: 0x08001d2c, Size: 0x00000014, Max: 0xffffffff, ABSOLUTE)

    Exec Addr    Load Addr    Size         Type   Attr      Idx    E Section Name        Object

    0x20000000   0x08001d2c   0x00000004   Data   RW           62    .data.Kd            utilities.o
    0x20000004   0x08001d30   0x00000004   Data   RW           61    .data.Ki            utilities.o
    0x20000008   0x08001d34   0x00000004   Data   RW           60    .data.Kp            utilities.o
    0x2000000c   0x08001d38   0x00000004   Data   RW           59    .data.center        utilities.o
    0x20000010   0x08001d3c   0x00000004   Data   RW           58    .data.running       utilities.o


    Execution Region ER_ZI (Exec base: 0x20000018, Load base: 0x08001d40, Size: 0x00000668, Max: 0xffffffff, ABSOLUTE)

    Exec Addr    Load Addr    Size         Type   Attr      Idx    E Section Name        Object

    0x20000018        -       0x00000060   Zero   RW          224    .bss                c_p.l(libspace.o)
    0x20000078        -       0x00000004   Zero   RW           63    .bss.PID.E          utilities.o
    0x2000007c        -       0x00000004   Zero   RW           64    .bss.PID.lastE      utilities.o
    0x20000080        -       0x00000200   Zero   RW          101    HEAP                startup_stm32f091xc.o
    0x20000280        -       0x00000400   Zero   RW          100    STACK               startup_stm32f091xc.o


==============================================================================

Image component sizes


      Code (inc. data)   RO Data    RW Data    ZI Data      Debug   Object Name

       208         28          0          0          0       1859   main.o
       550         12          0          0          0       3762   screen.o
        56         26        188          0       1536        644   startup_stm32f091xc.o
         2          0          0          0          0       1751   system_stm32f0xx.o
      1086        104          0         20          8       4663   utilities.o

    ----------------------------------------------------------------------
      1906        170        220         20       1544      12679   Object Totals
         0          0         32          0          0          0   (incl. Generated)
         4          0          0          0          0          0   (incl. Padding)

    ----------------------------------------------------------------------

      Code (inc. data)   RO Data    RW Data    ZI Data      Debug   Library Member Name

         8          0          0          0          0         68   __main.o
         0          0          0          0          0          0   __rtentry.o
        12          0          0          0          0          0   __rtentry2.o
         6          0          0          0          0          0   __rtentry4.o
        60          8          0          0          0          0   __scatter.o
        26          0          0          0          0          0   __scatter_copy.o
        28          0          0          0          0          0   __scatter_zi.o
      1006          4          0          0          0        184   aeabi_sdivfast.o
        16          0          0          0          0         68   exit.o
         6          0          0          0          0        136   heapauxi.o
         0          0          0          0          0          0   indicate_semi.o
         2          0          0          0          0          0   libinit.o
         2          0          0          0          0          0   libinit2.o
         2          0          0          0          0          0   libshutdown.o
         2          0          0          0          0          0   libshutdown2.o
         8          4          0          0         96         68   libspace.o
         2          0          0          0          0          0   rtexit.o
        10          0          0          0          0          0   rtexit2.o
        12          4          0          0          0         60   sys_exit.o
        62          0          0          0          0         80   sys_stackheap_outer.o
         2          0          0          0          0         68   use_no_semi.o
        46          0          0          0          0         60   cmpret.o
       124          4          0          0          0         72   d2f.o
       856         20          0          0          0        208   daddsub.o
      1096         26        128          0          0        112   ddiv.o
        88          0          0          0          0         92   dflti.o
       584         26          0          0          0         84   dmul.o
       348          8          0          0          0        160   faddsub.o
        66          0          0          0          0        204   fcmp.o
       100          4          0          0          0         68   fcmpin.o
        76          0          0          0          0         68   ffixi.o
        94          0          0          0          0         92   fflti.o
        84          4          0          0          0         76   fgef.o
        84          4          0          0          0         76   flef.o
       176          4          0          0          0         80   fmul.o
        16          6          0          0          0         68   fnan2.o
        94          0          0          0          0         68   retnan.o
         0          0          0          0          0          0   usenofp.o

    ----------------------------------------------------------------------
      5214        126        128          0         96       2320   Library Totals
        10          0          0          0          0          0   (incl. Padding)

    ----------------------------------------------------------------------

      Code (inc. data)   RO Data    RW Data    ZI Data      Debug   Library Name

      1272         20          0          0         96        732   c_p.l
      3932        106        128          0          0       1588   fz_ps.l

    ----------------------------------------------------------------------
      5214        126        128          0         96       2320   Library Totals

    ----------------------------------------------------------------------

==============================================================================


      Code (inc. data)   RO Data    RW Data    ZI Data      Debug   

      7120        296        348         20       1640      13867   Grand Totals
      7120        296        348         20       1640      13867   ELF Image Totals
      7120        296        348         20          0          0   ROM Totals

==============================================================================

    Total RO  Size (Code + RO Data)                 7468 (   7.29kB)
    Total RW  Size (RW Data + ZI Data)              1660 (   1.62kB)
    Total ROM Size (Code + RO Data + RW Data)       7488 (   7.31kB)

==============================================================================

